Archive member included because of file (symbol)

.\CortexM0\ARM_GCC_484\Debug\HueControl.a(cyfitter_cfg.o)
                              .\CortexM0\ARM_GCC_484\Debug\Cm0Start.o (cyfitter_cfg)
.\CortexM0\ARM_GCC_484\Debug\HueControl.a(NecTimerIsr.o)
                              .\CortexM0\ARM_GCC_484\Debug\NecTransmitter.o (NecTimerIsr_StartEx)
.\CortexM0\ARM_GCC_484\Debug\HueControl.a(NecOutPin.o)
                              .\CortexM0\ARM_GCC_484\Debug\main.o (NecOutPin_Write)
.\CortexM0\ARM_GCC_484\Debug\HueControl.a(NecPulseTimer.o)
                              .\CortexM0\ARM_GCC_484\Debug\NecTransmitter.o (NecPulseTimer_WriteCompare)
.\CortexM0\ARM_GCC_484\Debug\HueControl.a(CyBootAsmGnu.o)
                              .\CortexM0\ARM_GCC_484\Debug\HueControl.a(NecTimerIsr.o) (CyEnterCriticalSection)
.\CortexM0\ARM_GCC_484\Debug\HueControl.a(CyLib.o)
                              .\CortexM0\ARM_GCC_484\Debug\HueControl.a(cyfitter_cfg.o) (CyDelayUs)
.\CortexM0\ARM_GCC_484\Debug\HueControl.a(BLE.o)
                              .\CortexM0\ARM_GCC_484\Debug\main.o (CyBle_Start)
.\CortexM0\ARM_GCC_484\Debug\HueControl.a(BLE_gatt.o)
                              .\CortexM0\ARM_GCC_484\Debug\BLEApplications.o (cyBle_state)
.\CortexM0\ARM_GCC_484\Debug\HueControl.a(BLE_eventHandler.o)
                              .\CortexM0\ARM_GCC_484\Debug\HueControl.a(BLE.o) (cyBle_eventHandlerFlag)
.\CortexM0\ARM_GCC_484\Debug\HueControl.a(BleStatusBlueLed.o)
                              .\CortexM0\ARM_GCC_484\Debug\BLEApplications.o (BleStatusBlueLed_Write)
C:\Program Files\Cypress\PSoC Creator\3.1\PSoC Creator\psoc\content\cycomponentlibrary\CyComponentLibrary.cylib\BLE_v1_20\Library\gccCyBLEStack_BLE_SOC_PERIPHERAL.a(CyBle.o)
                              .\CortexM0\ARM_GCC_484\Debug\main.o (CyBle_ProcessEvents)
C:\Program Files\Cypress\PSoC Creator\3.1\PSoC Creator\psoc\content\cycomponentlibrary\CyComponentLibrary.cylib\BLE_v1_20\Library\gccCyBLEStack_BLE_SOC_PERIPHERAL.a(CyBleStackMgrIP_Interface.o)
                              C:\Program Files\Cypress\PSoC Creator\3.1\PSoC Creator\psoc\content\cycomponentlibrary\CyComponentLibrary.cylib\BLE_v1_20\Library\gccCyBLEStack_BLE_SOC_PERIPHERAL.a(CyBle.o) (CyBleStackMgr_BleGetConfigData)
C:\Program Files\Cypress\PSoC Creator\3.1\PSoC Creator\psoc\content\cycomponentlibrary\CyComponentLibrary.cylib\BLE_v1_20\Library\gccCyBLEStack_BLE_SOC_PERIPHERAL.a(BT_os.o)
                              C:\Program Files\Cypress\PSoC Creator\3.1\PSoC Creator\psoc\content\cycomponentlibrary\CyComponentLibrary.cylib\BLE_v1_20\Library\gccCyBLEStack_BLE_SOC_PERIPHERAL.a(CyBleStackMgrIP_Interface.o) (bt_stack_init_os)
C:\Program Files\Cypress\PSoC Creator\3.1\PSoC Creator\psoc\content\cycomponentlibrary\CyComponentLibrary.cylib\BLE_v1_20\Library\gccCyBLEStack_BLE_SOC_PERIPHERAL.a(CyBleStackMgr_StackTaskHandler.o)
                              C:\Program Files\Cypress\PSoC Creator\3.1\PSoC Creator\psoc\content\cycomponentlibrary\CyComponentLibrary.cylib\BLE_v1_20\Library\gccCyBLEStack_BLE_SOC_PERIPHERAL.a(CyBleStackMgrIP_Interface.o) (CyBle_CreateBleStackTask)
C:\Program Files\Cypress\PSoC Creator\3.1\PSoC Creator\psoc\content\cycomponentlibrary\CyComponentLibrary.cylib\BLE_v1_20\Library\gccCyBLEStack_BLE_SOC_PERIPHERAL.a(transport_sf.o)
                              C:\Program Files\Cypress\PSoC Creator\3.1\PSoC Creator\psoc\content\cycomponentlibrary\CyComponentLibrary.cylib\BLE_v1_20\Library\gccCyBLEStack_BLE_SOC_PERIPHERAL.a(CyBleStackMgr_StackTaskHandler.o) (hci_soft_transport_notify_data_received)
C:\Program Files\Cypress\PSoC Creator\3.1\PSoC Creator\psoc\content\cycomponentlibrary\CyComponentLibrary.cylib\BLE_v1_20\Library\gccCyBLEStack_BLE_SOC_PERIPHERAL.a(CyBleStackMgr_PSoCHal.o)
                              C:\Program Files\Cypress\PSoC Creator\3.1\PSoC Creator\psoc\content\cycomponentlibrary\CyComponentLibrary.cylib\BLE_v1_20\Library\gccCyBLEStack_BLE_SOC_PERIPHERAL.a(CyBleStackMgrIP_Interface.o) (CyBleStackMgr_HalInit)
C:\Program Files\Cypress\PSoC Creator\3.1\PSoC Creator\psoc\content\cycomponentlibrary\CyComponentLibrary.cylib\BLE_v1_20\Library\gccCyBLEStack_BLE_SOC_PERIPHERAL.a(CyBleStackMgr_BleSSDriver.o)
                              C:\Program Files\Cypress\PSoC Creator\3.1\PSoC Creator\psoc\content\cycomponentlibrary\CyComponentLibrary.cylib\BLE_v1_20\Library\gccCyBLEStack_BLE_SOC_PERIPHERAL.a(CyBleStackMgrIP_Interface.o) (CyBleStackMgr_BleSSInit)
C:\Program Files\Cypress\PSoC Creator\3.1\PSoC Creator\psoc\content\cycomponentlibrary\CyComponentLibrary.cylib\BLE_v1_20\Library\gccCyBLEStack_BLE_SOC_PERIPHERAL.a(config_bin.o)
                              C:\Program Files\Cypress\PSoC Creator\3.1\PSoC Creator\psoc\content\cycomponentlibrary\CyComponentLibrary.cylib\BLE_v1_20\Library\gccCyBLEStack_BLE_SOC_PERIPHERAL.a(CyBleStackMgr_PSoCHal.o) (bt_cfg_pdata)
[...]
Memory Configuration

Name             Origin             Length             Attributes
rom              0x00000000         0x00020000         xr
ram              0x20000000         0x00004000         xrw
*default*        0x00000000         0xffffffff

Linker script and memory map

LOAD c:/program files/cypress/psoc creator/3.1/psoc creator/import/gnu_cs/arm/4.8.4/bin/../lib/gcc/arm-none-eabi/4.8.4/armv6-m/crti.o
LOAD c:/program files/cypress/psoc creator/3.1/psoc creator/import/gnu_cs/arm/4.8.4/bin/../lib/gcc/arm-none-eabi/4.8.4/armv6-m/crtbegin.o
LOAD c:/program files/cypress/psoc creator/3.1/psoc creator/import/gnu_cs/arm/4.8.4/bin/../lib/gcc/arm-none-eabi/4.8.4/../../../../arm-none-eabi/lib/armv6-m/crt0.o
START GROUP
LOAD .\CortexM0\ARM_GCC_484\Debug\main.o
LOAD .\CortexM0\ARM_GCC_484\Debug\NecTransmitter.o
LOAD .\CortexM0\ARM_GCC_484\Debug\BLEApplications.o
LOAD .\CortexM0\ARM_GCC_484\Debug\cymetadata.o
LOAD .\CortexM0\ARM_GCC_484\Debug\Cm0Start.o
LOAD .\CortexM0\ARM_GCC_484\Debug\HueControl.a
LOAD C:\Program Files\Cypress\PSoC Creator\3.1\PSoC Creator\psoc\content\cycomponentlibrary\CyComponentLibrary.cylib\BLE_v1_20\Library\gccCyBLEStack_BLE_SOC_PERIPHERAL.a
LOAD C:\Program Files\Cypress\PSoC Creator\3.1\PSoC Creator\psoc\content\cycomponentlibrary\CyComponentLibrary.cylib\CortexM0\ARM_GCC_484\Debug\CyComponentLibrary.a
END GROUP
START GROUP
LOAD c:/program files/cypress/psoc creator/3.1/psoc creator/import/gnu_cs/arm/4.8.4/bin/../lib/gcc/arm-none-eabi/4.8.4/armv6-m\libgcc.a
LOAD c:/program files/cypress/psoc creator/3.1/psoc creator/import/gnu_cs/arm/4.8.4/bin/../lib/gcc/arm-none-eabi/4.8.4/../../../../arm-none-eabi/lib/armv6-m\libg_s.a
LOAD c:/program files/cypress/psoc creator/3.1/psoc creator/import/gnu_cs/arm/4.8.4/bin/../lib/gcc/arm-none-eabi/4.8.4/../../../../arm-none-eabi/lib/armv6-m\libc_s.a
END GROUP
START GROUP
LOAD c:/program files/cypress/psoc creator/3.1/psoc creator/import/gnu_cs/arm/4.8.4/bin/../lib/gcc/arm-none-eabi/4.8.4/armv6-m\libgcc.a
LOAD c:/program files/cypress/psoc creator/3.1/psoc creator/import/gnu_cs/arm/4.8.4/bin/../lib/gcc/arm-none-eabi/4.8.4/../../../../arm-none-eabi/lib/armv6-m\libc_s.a
END GROUP
LOAD c:/program files/cypress/psoc creator/3.1/psoc creator/import/gnu_cs/arm/4.8.4/bin/../lib/gcc/arm-none-eabi/4.8.4/armv6-m/crtend.o
LOAD c:/program files/cypress/psoc creator/3.1/psoc creator/import/gnu_cs/arm/4.8.4/bin/../lib/gcc/arm-none-eabi/4.8.4/armv6-m/crtn.o
START GROUP
LOAD c:/program files/cypress/psoc creator/3.1/psoc creator/import/gnu_cs/arm/4.8.4/bin/../lib/gcc/arm-none-eabi/4.8.4/armv6-m\libgcc.a
LOAD c:/program files/cypress/psoc creator/3.1/psoc creator/import/gnu_cs/arm/4.8.4/bin/../lib/gcc/arm-none-eabi/4.8.4/../../../../arm-none-eabi/lib/armv6-m\libc.a
LOAD c:/program files/cypress/psoc creator/3.1/psoc creator/import/gnu_cs/arm/4.8.4/bin/../lib/gcc/arm-none-eabi/4.8.4/../../../../arm-none-eabi/lib/armv6-m\libnosys.a
END GROUP
                0x00000000                CY_APPL_ORIGIN = 0x0
                0x00000080                CY_FLASH_ROW_SIZE = 0x80
                0x00000001                CY_APPL_NUM = 0x1
                0x00000040                CY_METADATA_SIZE = 0x40
                0x200024f0                PROVIDE (__cy_heap_start, _end)
                0x00000001                PROVIDE (__cy_region_num, ((__cy_regions_end - __cy_regions) / 0x10))
                0x20004000                PROVIDE (__cy_stack, (ORIGIN (ram) + 0x4000))
                0x20003800                PROVIDE (__cy_heap_end, (__cy_stack - 0x800))

.cybootloader   0x00000000        0x0
 *(.cybootloader)
                0x00000000                appl1_start = CY_APPL_ORIGIN?CY_APPL_ORIGIN:ALIGN (CY_FLASH_ROW_SIZE)
                0x0000ff80                appl2_start = (appl1_start + ALIGN ((((0x20000 - appl1_start) - (0x2 * CY_FLASH_ROW_SIZE)) / 0x2), CY_FLASH_ROW_SIZE))
                0x00000000                appl_start = (CY_APPL_NUM == 0x1)?appl1_start:appl2_start

.text           0x00000000     0x1870
 CREATE_OBJECT_SYMBOLS
                0x00000000                PROVIDE (__cy_interrupt_vector, RomVectors)
 *(.romvectors)
 .romvectors    0x00000000       0x10 .\CortexM0\ARM_GCC_484\Debug\Cm0Start.o
                0x00000000                RomVectors
                0x00000001                ASSERT ((. != __cy_interrupt_vector), No interrupt vector)
                0x00000001                ASSERT (CY_APPL_ORIGIN?(SIZEOF (.cybootloader) <= CY_APPL_ORIGIN):0x1, Wrong image location)
                0x00000010                PROVIDE (__cy_reset, Reset)
 *(.text.Reset)
 .text.Reset    0x00000010        0x8 .\CortexM0\ARM_GCC_484\Debug\Cm0Start.o
                0x00000010                Reset
                0x00000001                ASSERT ((. != __cy_reset), No reset code)
 *(.psocinit)
 .psocinit      0x00000018      0x288 .\CortexM0\ARM_GCC_484\Debug\HueControl.a(cyfitter_cfg.o)
                0x00000194                cyfitter_cfg
                0x000002a0                . = MAX (., 0x100)
 *(.text .text.* .gnu.linkonce.t.*)
 .text          0x000002a0       0x60 c:/program files/cypress/psoc creator/3.1/psoc creator/import/gnu_cs/arm/4.8.4/bin/../lib/gcc/arm-none-eabi/4.8.4/armv6-m/crtbegin.o
 .text.main     0x00000300       0x3c .\CortexM0\ARM_GCC_484\Debug\main.o
                0x00000300                main
 .text.InitializeSystem
                0x0000033c       0x1c .\CortexM0\ARM_GCC_484\Debug\main.o
                0x0000033c                InitializeSystem
 .text.SendNecCode
                0x00000358       0x58 .\CortexM0\ARM_GCC_484\Debug\NecTransmitter.o
                0x00000358                SendNecCode
 .text.FindNextBit
                0x000003b0       0x9c .\CortexM0\ARM_GCC_484\Debug\NecTransmitter.o
                0x000003b0                FindNextBit
 .text.NecTimerCustomIsr
                0x0000044c      0x130 .\CortexM0\ARM_GCC_484\Debug\NecTransmitter.o
                0x0000044c                NecTimerCustomIsr
 .text.CustomEventHandler
                0x0000057c       0xcc .\CortexM0\ARM_GCC_484\Debug\BLEApplications.o
                0x0000057c                CustomEventHandler
 .text.UpdateConnectionParam
                0x00000648       0x3c .\CortexM0\ARM_GCC_484\Debug\BLEApplications.o
                0x00000648                UpdateConnectionParam
 .text.UpdateRGBled
                0x00000684       0x4c .\CortexM0\ARM_GCC_484\Debug\BLEApplications.o
                0x00000684                UpdateRGBled
 .text.HandleStatusLED
                0x000006d0       0xd8 .\CortexM0\ARM_GCC_484\Debug\BLEApplications.o
                0x000006d0                HandleStatusLED
 .text.IntDefaultHandler
                0x000007a8        0x8 .\CortexM0\ARM_GCC_484\Debug\Cm0Start.o
                0x000007a8                IntDefaultHandler
 .text.Start_c  0x000007b0       0x98 .\CortexM0\ARM_GCC_484\Debug\Cm0Start.o
                0x000007b0                Start_c
 .text.initialize_psoc
                0x00000848       0x70 .\CortexM0\ARM_GCC_484\Debug\Cm0Start.o
                0x00000848                initialize_psoc
 .text.CYMEMZERO
                0x000008b8       0x20 .\CortexM0\ARM_GCC_484\Debug\HueControl.a(cyfitter_cfg.o)
 .text.AnalogSetDefault
                0x000008d8       0x28 .\CortexM0\ARM_GCC_484\Debug\HueControl.a(cyfitter_cfg.o)
 .text.NecTimerIsr_StartEx
                0x00000900       0x24 .\CortexM0\ARM_GCC_484\Debug\HueControl.a(NecTimerIsr.o)
                0x00000900                NecTimerIsr_StartEx
 .text.NecTimerIsr_SetVector
                0x00000924       0x1c .\CortexM0\ARM_GCC_484\Debug\HueControl.a(NecTimerIsr.o)
                0x00000924                NecTimerIsr_SetVector
 .text.NecTimerIsr_SetPriority
                0x00000940       0x50 .\CortexM0\ARM_GCC_484\Debug\HueControl.a(NecTimerIsr.o)
                0x00000940                NecTimerIsr_SetPriority
 .text.NecTimerIsr_Enable
                0x00000990       0x14 .\CortexM0\ARM_GCC_484\Debug\HueControl.a(NecTimerIsr.o)
                0x00000990                NecTimerIsr_Enable
 .text.NecTimerIsr_Disable
                0x000009a4       0x14 .\CortexM0\ARM_GCC_484\Debug\HueControl.a(NecTimerIsr.o)
                0x000009a4                NecTimerIsr_Disable
 .text.NecOutPin_Write
                0x000009b8       0x48 .\CortexM0\ARM_GCC_484\Debug\HueControl.a(NecOutPin.o)
                0x000009b8                NecOutPin_Write
 .text.NecPulseTimer_Init
                0x00000a00       0x40 .\CortexM0\ARM_GCC_484\Debug\HueControl.a(NecPulseTimer.o)
                0x00000a00                NecPulseTimer_Init
 .text.NecPulseTimer_Enable
                0x00000a40       0x38 .\CortexM0\ARM_GCC_484\Debug\HueControl.a(NecPulseTimer.o)
                0x00000a40                NecPulseTimer_Enable
 .text.NecPulseTimer_Start
                0x00000a78       0x24 .\CortexM0\ARM_GCC_484\Debug\HueControl.a(NecPulseTimer.o)
                0x00000a78                NecPulseTimer_Start
 .text.NecPulseTimer_Stop
                0x00000a9c       0x30 .\CortexM0\ARM_GCC_484\Debug\HueControl.a(NecPulseTimer.o)
                0x00000a9c                NecPulseTimer_Stop
 .text.NecPulseTimer_WriteCounter
                0x00000acc       0x1c .\CortexM0\ARM_GCC_484\Debug\HueControl.a(NecPulseTimer.o)
                0x00000acc                NecPulseTimer_WriteCounter
 .text.NecPulseTimer_ReadCounter
                0x00000ae8       0x18 .\CortexM0\ARM_GCC_484\Debug\HueControl.a(NecPulseTimer.o)
                0x00000ae8                NecPulseTimer_ReadCounter
 .text.NecPulseTimer_WritePeriod
                0x00000b00       0x1c .\CortexM0\ARM_GCC_484\Debug\HueControl.a(NecPulseTimer.o)
                0x00000b00                NecPulseTimer_WritePeriod
 .text.NecPulseTimer_WriteCompare
                0x00000b1c       0x1c .\CortexM0\ARM_GCC_484\Debug\HueControl.a(NecPulseTimer.o)
                0x00000b1c                NecPulseTimer_WriteCompare
 .text.NecPulseTimer_TriggerCommand
                0x00000b38       0x3c .\CortexM0\ARM_GCC_484\Debug\HueControl.a(NecPulseTimer.o)
                0x00000b38                NecPulseTimer_TriggerCommand
 .text.NecPulseTimer_SetInterruptMode
                0x00000b74       0x18 .\CortexM0\ARM_GCC_484\Debug\HueControl.a(NecPulseTimer.o)
                0x00000b74                NecPulseTimer_SetInterruptMode
 .text.NecPulseTimer_ClearInterrupt
                0x00000b8c       0x18 .\CortexM0\ARM_GCC_484\Debug\HueControl.a(NecPulseTimer.o)
                0x00000b8c                NecPulseTimer_ClearInterrupt
 *fill*         0x00000ba4        0x4 
 .text          0x00000ba8       0x20 .\CortexM0\ARM_GCC_484\Debug\HueControl.a(CyBootAsmGnu.o)
                0x00000ba8                CyDelayCycles
                0x00000bba                CyEnterCriticalSection
                0x00000bc2                CyExitCriticalSection
 .text.CySysClkWcoSetHighPowerMode
                0x00000bc8       0x3c .\CortexM0\ARM_GCC_484\Debug\HueControl.a(CyLib.o)
 .text.CySysClkWcoSetLowPowerMode
                0x00000c04       0x48 .\CortexM0\ARM_GCC_484\Debug\HueControl.a(CyLib.o)
 .text.CySysClkEcoStart
                0x00000c4c       0x74 .\CortexM0\ARM_GCC_484\Debug\HueControl.a(CyLib.o)
                0x00000c4c                CySysClkEcoStart
 .text.CySysClkEcoReadStatus
                0x00000cc0       0x18 .\CortexM0\ARM_GCC_484\Debug\HueControl.a(CyLib.o)
                0x00000cc0                CySysClkEcoReadStatus
 .text.CySysClkWcoStart
                0x00000cd8       0x20 .\CortexM0\ARM_GCC_484\Debug\HueControl.a(CyLib.o)
                0x00000cd8                CySysClkWcoStart
 .text.CySysClkWcoSetPowerMode
                0x00000cf8       0x40 .\CortexM0\ARM_GCC_484\Debug\HueControl.a(CyLib.o)
                0x00000cf8                CySysClkWcoSetPowerMode
 .text.CyHalt   0x00000d38       0x14 .\CortexM0\ARM_GCC_484\Debug\HueControl.a(CyLib.o)
                0x00000d38                CyHalt
 .text.CyDelay  0x00000d4c       0x48 .\CortexM0\ARM_GCC_484\Debug\HueControl.a(CyLib.o)
                0x00000d4c                CyDelay
 .text.CyDelayUs
                0x00000d94       0x28 .\CortexM0\ARM_GCC_484\Debug\HueControl.a(CyLib.o)
                0x00000d94                CyDelayUs
 .text.CyBle_Init
                0x00000dbc       0x2c .\CortexM0\ARM_GCC_484\Debug\HueControl.a(BLE.o)
                0x00000dbc                CyBle_Init
 .text.CyBle_ServiceInit
                0x00000de8        0x8 .\CortexM0\ARM_GCC_484\Debug\HueControl.a(BLE.o)
                0x00000de8                CyBle_ServiceInit
 .text.CyBle_Start
                0x00000df0       0x90 .\CortexM0\ARM_GCC_484\Debug\HueControl.a(BLE.o)
                0x00000df0                CyBle_Start
 .text.CyBle_GappStartAdvertisement
                0x00000e80       0xc8 .\CortexM0\ARM_GCC_484\Debug\HueControl.a(BLE.o)
                0x00000e80                CyBle_GappStartAdvertisement
 .text.CyBle_ChangeAdDeviceAddress
                0x00000f48       0x60 .\CortexM0\ARM_GCC_484\Debug\HueControl.a(BLE.o)
                0x00000f48                CyBle_ChangeAdDeviceAddress
 .text.CyBle_Get16ByPtr
                0x00000fa8       0x24 .\CortexM0\ARM_GCC_484\Debug\HueControl.a(BLE.o)
                0x00000fa8                CyBle_Get16ByPtr
 .text.CyBle_GattsWriteEventHandler
                0x00000fcc       0xa0 .\CortexM0\ARM_GCC_484\Debug\HueControl.a(BLE_gatt.o)
                0x00000fcc                CyBle_GattsWriteEventHandler
 .text.CyBle_WriteReqHandler
                0x0000106c       0x70 .\CortexM0\ARM_GCC_484\Debug\HueControl.a(BLE_eventHandler.o)
 .text.CyBle_ValueConfirmation
                0x000010dc       0x10 .\CortexM0\ARM_GCC_484\Debug\HueControl.a(BLE_eventHandler.o)
 .text.CyBle_GattDisconnectEventHandler
                0x000010ec       0x18 .\CortexM0\ARM_GCC_484\Debug\HueControl.a(BLE_eventHandler.o)
 .text.CyBle_TimeOutEventHandler
                0x00001104       0x10 .\CortexM0\ARM_GCC_484\Debug\HueControl.a(BLE_eventHandler.o)
 .text.CyBle_GattConnectReqHandler
                0x00001114        0x8 .\CortexM0\ARM_GCC_484\Debug\HueControl.a(BLE_eventHandler.o)
 .text.CyBle_IsDeviceAddressValid
                0x0000111c       0x60 .\CortexM0\ARM_GCC_484\Debug\HueControl.a(BLE_eventHandler.o)
 .text.CyBle_L2Cap_ConnParamUpdateRspEventHandler
                0x0000117c       0x14 .\CortexM0\ARM_GCC_484\Debug\HueControl.a(BLE_eventHandler.o)
 .text.CyBle_GapConnUpdateCompleteEventHandler
                0x00001190       0x10 .\CortexM0\ARM_GCC_484\Debug\HueControl.a(BLE_eventHandler.o)
 .text.CyBle_EventHandler
                0x000011a0      0x2bc .\CortexM0\ARM_GCC_484\Debug\HueControl.a(BLE_eventHandler.o)
                0x000011a0                CyBle_EventHandler
 .text.BleStatusBlueLed_Write
                0x0000145c       0x48 .\CortexM0\ARM_GCC_484\Debug\HueControl.a(BleStatusBlueLed.o)
                0x0000145c                BleStatusBlueLed_Write
 .text.BleStatusBlueLed_SetDriveMode
                0x000014a4       0x30 .\CortexM0\ARM_GCC_484\Debug\HueControl.a(BleStatusBlueLed.o)
                0x000014a4                BleStatusBlueLed_SetDriveMode
 .text.BleStatusBlueLed_Read
                0x000014d4       0x1c .\CortexM0\ARM_GCC_484\Debug\HueControl.a(BleStatusBlueLed.o)
                0x000014d4                BleStatusBlueLed_Read
 .text.CySysPmSleep
                0x000014f0       0x34 .\CortexM0\ARM_GCC_484\Debug\HueControl.a(cyPm.o)
                0x000014f0                CySysPmSleep
 .text.CyBLE_Bless_LlRegWrite
                0x00001524       0x1c .\CortexM0\ARM_GCC_484\Debug\HueControl.a(BLE_HAL_PVT.o)
                0x00001524                CyBLE_Bless_LlRegWrite
 .text.CyBLE_Bless_RfRegWrite
                0x00001540       0x1c .\CortexM0\ARM_GCC_484\Debug\HueControl.a(BLE_HAL_PVT.o)
                0x00001540                CyBLE_Bless_RfRegWrite
 .text.CyBleHal_DelayUs
                0x0000155c       0x1c .\CortexM0\ARM_GCC_484\Debug\HueControl.a(BLE_HAL_PVT.o)
                0x0000155c                CyBleHal_DelayUs
 .text.CyBleHal_EnableGlobalInterrupts
                0x00001578        0xc .\CortexM0\ARM_GCC_484\Debug\HueControl.a(BLE_HAL_PVT.o)
                0x00001578                CyBleHal_EnableGlobalInterrupts
 .text.CyBleHal_DisableGlobalInterrupts
                0x00001584        0xc .\CortexM0\ARM_GCC_484\Debug\HueControl.a(BLE_HAL_PVT.o)
                0x00001584                CyBleHal_DisableGlobalInterrupts
 .text.CyBle_HalInit
                0x00001590       0x20 .\CortexM0\ARM_GCC_484\Debug\HueControl.a(BLE_HAL_PVT.o)
                0x00001590                CyBle_HalInit
 .text.CYBLE_BlessStart
                0x000015b0       0x14 .\CortexM0\ARM_GCC_484\Debug\HueControl.a(BLE_HAL_PVT.o)
                0x000015b0                CYBLE_BlessStart
 .text.BLE_bless_isr_StartEx
                0x000015c4       0x24 .\CortexM0\ARM_GCC_484\Debug\HueControl.a(BLE_bless_isr.o)
                0x000015c4                BLE_bless_isr_StartEx
 .text.BLE_bless_isr_SetVector
                0x000015e8       0x18 .\CortexM0\ARM_GCC_484\Debug\HueControl.a(BLE_bless_isr.o)
                0x000015e8                BLE_bless_isr_SetVector
 .text.BLE_bless_isr_SetPriority
                0x00001600       0x50 .\CortexM0\ARM_GCC_484\Debug\HueControl.a(BLE_bless_isr.o)
                0x00001600                BLE_bless_isr_SetPriority
 .text.BLE_bless_isr_Enable
                0x00001650       0x14 .\CortexM0\ARM_GCC_484\Debug\HueControl.a(BLE_bless_isr.o)
                0x00001650                BLE_bless_isr_Enable
 .text.BLE_bless_isr_Disable
                0x00001664       0x14 .\CortexM0\ARM_GCC_484\Debug\HueControl.a(BLE_bless_isr.o)
                0x00001664                BLE_bless_isr_Disable
 .text.CyBLE_Bless_Interrupt
                0x00001678        0xc .\CortexM0\ARM_GCC_484\Debug\HueControl.a(BLE_HAL_INT.o)
                0x00001678                CyBLE_Bless_Interrupt
 .text          0x00001684       0x9c c:/program files/cypress/psoc creator/3.1/psoc creator/import/gnu_cs/arm/4.8.4/bin/../lib/gcc/arm-none-eabi/4.8.4/armv6-m\libgcc.a(_udivsi3.o)
                0x00001684                __aeabi_uidiv
                0x00001684                __udivsi3
                0x0000170c                __aeabi_uidivmod
 .text          0x00001720       0xc0 c:/program files/cypress/psoc creator/3.1/psoc creator/import/gnu_cs/arm/4.8.4/bin/../lib/gcc/arm-none-eabi/4.8.4/armv6-m\libgcc.a(_divsi3.o)
                0x00001720                __divsi3
                0x00001720                __aeabi_idiv
                0x000017cc                __aeabi_idivmod
 .text          0x000017e0        0x4 c:/program files/cypress/psoc creator/3.1/psoc creator/import/gnu_cs/arm/4.8.4/bin/../lib/gcc/arm-none-eabi/4.8.4/armv6-m\libgcc.a(_dvmd_tls.o)
                0x000017e0                __aeabi_idiv0
                0x000017e0                __aeabi_ldiv0
 .text.__libc_init_array
                0x000017e4       0x4c c:/program files/cypress/psoc creator/3.1/psoc creator/import/gnu_cs/arm/4.8.4/bin/../lib/gcc/arm-none-eabi/4.8.4/../../../../arm-none-eabi/lib/armv6-m\libg_s.a(lib_a-init.o)
                0x000017e4                __libc_init_array
 .text.memcmp   0x00001830       0x1e c:/program files/cypress/psoc creator/3.1/psoc creator/import/gnu_cs/arm/4.8.4/bin/../lib/gcc/arm-none-eabi/4.8.4/../../../../arm-none-eabi/lib/armv6-m\libg_s.a(lib_a-memcmp.o)
                0x00001830                memcmp
 .text.memcpy   0x0000184e       0x12 c:/program files/cypress/psoc creator/3.1/psoc creator/import/gnu_cs/arm/4.8.4/bin/../lib/gcc/arm-none-eabi/4.8.4/../../../../arm-none-eabi/lib/armv6-m\libg_s.a(lib_a-memcpy-stub.o)
                0x0000184e                memcpy
 .text.memset   0x00001860       0x10 c:/program files/cypress/psoc creator/3.1/psoc creator/import/gnu_cs/arm/4.8.4/bin/../lib/gcc/arm-none-eabi/4.8.4/../../../../arm-none-eabi/lib/armv6-m\libg_s.a(lib_a-memset.o)
                0x00001860                memset
 *(.plt)
 *(.gnu.warning)
 *(.glue_7t)
 .glue_7t       0x00000000        0x0 linker stubs
 *(.glue_7)
 .glue_7        0x00000000        0x0 linker stubs
 *(.vfp11_veneer)
 .vfp11_veneer  0x00000000        0x0 linker stubs
 *(.bootloader)
 *(.ARM.extab* .gnu.linkonce.armextab.*)
 *(.gcc_except_table)

.v4_bx          0x00001870        0x0
 .v4_bx         0x00000000        0x0 linker stubs

.iplt           0x00001870        0x0
 .iplt          0x00000000        0x0 c:/program files/cypress/psoc creator/3.1/psoc creator/import/gnu_cs/arm/4.8.4/bin/../lib/gcc/arm-none-eabi/4.8.4/armv6-m/crtbegin.o

i.CyBle_ExitLPM
                0x00001870        0x8
 i.CyBle_ExitLPM
                0x00001870        0x8 C:\Program Files\Cypress\PSoC Creator\3.1\PSoC Creator\psoc\content\cycomponentlibrary\CyComponentLibrary.cylib\BLE_v1_20\Library\gccCyBLEStack_BLE_SOC_PERIPHERAL.a(CyBle.o)
                0x00001870                CyBle_ExitLPM

i.CyBle_ProcessEvents
                0x00001878        0x8
 i.CyBle_ProcessEvents
                0x00001878        0x8 C:\Program Files\Cypress\PSoC Creator\3.1\PSoC Creator\psoc\content\cycomponentlibrary\CyComponentLibrary.cylib\BLE_v1_20\Library\gccCyBLEStack_BLE_SOC_PERIPHERAL.a(CyBle.o)
                0x00001878                CyBle_ProcessEvents

i.CyBle_SetDeviceAddress
                0x00001880       0x24
 i.CyBle_SetDeviceAddress
                0x00001880       0x24 C:\Program Files\Cypress\PSoC Creator\3.1\PSoC Creator\psoc\content\cycomponentlibrary\CyComponentLibrary.cylib\BLE_v1_20\Library\gccCyBLEStack_BLE_SOC_PERIPHERAL.a(CyBle.o)
                0x00001880                CyBle_SetDeviceAddress

i.CyBle_StackInit
                0x000018a4       0x84
 i.CyBle_StackInit
                0x000018a4       0x84 C:\Program Files\Cypress\PSoC Creator\3.1\PSoC Creator\psoc\content\cycomponentlibrary\CyComponentLibrary.cylib\BLE_v1_20\Library\gccCyBLEStack_BLE_SOC_PERIPHERAL.a(CyBle.o)
                0x000018a4                CyBle_StackInit

i.CyBleStackMgr_BleGetConfigData
                0x00001928        0x4
 i.CyBleStackMgr_BleGetConfigData
                0x00001928        0x4 C:\Program Files\Cypress\PSoC Creator\3.1\PSoC Creator\psoc\content\cycomponentlibrary\CyComponentLibrary.cylib\BLE_v1_20\Library\gccCyBLEStack_BLE_SOC_PERIPHERAL.a(CyBleStackMgrIP_Interface.o)
                0x00001928                CyBleStackMgr_BleGetConfigData

i.CyBleStackMgr_BleSetConfigData
                0x0000192c        0x4
 i.CyBleStackMgr_BleSetConfigData
                0x0000192c        0x4 C:\Program Files\Cypress\PSoC Creator\3.1\PSoC Creator\psoc\content\cycomponentlibrary\CyComponentLibrary.cylib\BLE_v1_20\Library\gccCyBLEStack_BLE_SOC_PERIPHERAL.a(CyBleStackMgrIP_Interface.o)
                0x0000192c                CyBleStackMgr_BleSetConfigData

i.CyBleStackMgr_Init
                0x00001930      0x104
 i.CyBleStackMgr_Init
                0x00001930      0x104 C:\Program Files\Cypress\PSoC Creator\3.1\PSoC Creator\psoc\content\cycomponentlibrary\CyComponentLibrary.cylib\BLE_v1_20\Library\gccCyBLEStack_BLE_SOC_PERIPHERAL.a(CyBleStackMgrIP_Interface.o)
                0x00001930                CyBleStackMgr_Init

i.CyBleStackMgr_ProcessBleEvents
                0x00001a34       0x14
 i.CyBleStackMgr_ProcessBleEvents
                0x00001a34       0x14 C:\Program Files\Cypress\PSoC Creator\3.1\PSoC Creator\psoc\content\cycomponentlibrary\CyComponentLibrary.cylib\BLE_v1_20\Library\gccCyBLEStack_BLE_SOC_PERIPHERAL.a(CyBleStackMgrIP_Interface.o)
                0x00001a34                CyBleStackMgr_ProcessBleEvents

i.ble_stack_idle_task_callback
                0x00001a48        0x2
 i.ble_stack_idle_task_callback
                0x00001a48        0x2 C:\Program Files\Cypress\PSoC Creator\3.1\PSoC Creator\psoc\content\cycomponentlibrary\CyComponentLibrary.cylib\BLE_v1_20\Library\gccCyBLEStack_BLE_SOC_PERIPHERAL.a(CyBleStackMgrIP_Interface.o)
                0x00001a48                ble_stack_idle_task_callback

i.BT_OSFreeBuf  0x00001a4c       0x18
 i.BT_OSFreeBuf
                0x00001a4c       0x18 C:\Program Files\Cypress\PSoC Creator\3.1\PSoC Creator\psoc\content\cycomponentlibrary\CyComponentLibrary.cylib\BLE_v1_20\Library\gccCyBLEStack_BLE_SOC_PERIPHERAL.a(BT_os.o)
                0x00001a4c                BT_OSFreeBuf

i.BT_OSGetBuF   0x00001a64       0x1c
 i.BT_OSGetBuF  0x00001a64       0x1c C:\Program Files\Cypress\PSoC Creator\3.1\PSoC Creator\psoc\content\cycomponentlibrary\CyComponentLibrary.cylib\BLE_v1_20\Library\gccCyBLEStack_BLE_SOC_PERIPHERAL.a(BT_os.o)
                0x00001a64                BT_OSGetBuF

i.BT_OSMemCreate
                0x00001a80       0x1c
 i.BT_OSMemCreate
                0x00001a80       0x1c C:\Program Files\Cypress\PSoC Creator\3.1\PSoC Creator\psoc\content\cycomponentlibrary\CyComponentLibrary.cylib\BLE_v1_20\Library\gccCyBLEStack_BLE_SOC_PERIPHERAL.a(BT_os.o)
                0x00001a80                BT_OSMemCreate

i.BT_alloc_mem_ext
                0x00001a9c       0x34
 i.BT_alloc_mem_ext
                0x00001a9c       0x34 C:\Program Files\Cypress\PSoC Creator\3.1\PSoC Creator\psoc\content\cycomponentlibrary\CyComponentLibrary.cylib\BLE_v1_20\Library\gccCyBLEStack_BLE_SOC_PERIPHERAL.a(BT_os.o)
                0x00001a9c                BT_alloc_mem_ext

i.BT_free_mem   0x00001ad0        0xc
 i.BT_free_mem  0x00001ad0        0xc C:\Program Files\Cypress\PSoC Creator\3.1\PSoC Creator\psoc\content\cycomponentlibrary\CyComponentLibrary.cylib\BLE_v1_20\Library\gccCyBLEStack_BLE_SOC_PERIPHERAL.a(BT_os.o)
                0x00001ad0                BT_free_mem

i.bt_stack_init_os
                0x00001adc       0x34
 i.bt_stack_init_os
                0x00001adc       0x34 C:\Program Files\Cypress\PSoC Creator\3.1\PSoC Creator\psoc\content\cycomponentlibrary\CyComponentLibrary.cylib\BLE_v1_20\Library\gccCyBLEStack_BLE_SOC_PERIPHERAL.a(BT_os.o)
                0x00001adc                bt_stack_init_os

i.CyBle_CheckBleStackTaskStatus
                0x00001b10        0x4
 i.CyBle_CheckBleStackTaskStatus
                0x00001b10        0x4 C:\Program Files\Cypress\PSoC Creator\3.1\PSoC Creator\psoc\content\cycomponentlibrary\CyComponentLibrary.cylib\BLE_v1_20\Library\gccCyBLEStack_BLE_SOC_PERIPHERAL.a(CyBleStackMgr_StackTaskHandler.o)
                0x00001b10                CyBle_CheckBleStackTaskStatus

i.CyBle_CreateBleStackTask
                0x00001b14       0x2c
 i.CyBle_CreateBleStackTask
                0x00001b14       0x2c C:\Program Files\Cypress\PSoC Creator\3.1\PSoC Creator\psoc\content\cycomponentlibrary\CyComponentLibrary.cylib\BLE_v1_20\Library\gccCyBLEStack_BLE_SOC_PERIPHERAL.a(CyBleStackMgr_StackTaskHandler.o)
                0x00001b14                CyBle_CreateBleStackTask

i.CyBle_SignalBleStackTask
                0x00001b40       0x50
 i.CyBle_SignalBleStackTask
                0x00001b40       0x50 C:\Program Files\Cypress\PSoC Creator\3.1\PSoC Creator\psoc\content\cycomponentlibrary\CyComponentLibrary.cylib\BLE_v1_20\Library\gccCyBLEStack_BLE_SOC_PERIPHERAL.a(CyBleStackMgr_StackTaskHandler.o)
                0x00001b40                CyBle_SignalBleStackTask

i.CyBle_StackTaskHandler
                0x00001b90       0x5c
 i.CyBle_StackTaskHandler
                0x00001b90       0x5c C:\Program Files\Cypress\PSoC Creator\3.1\PSoC Creator\psoc\content\cycomponentlibrary\CyComponentLibrary.cylib\BLE_v1_20\Library\gccCyBLEStack_BLE_SOC_PERIPHERAL.a(CyBleStackMgr_StackTaskHandler.o)
                0x00001b90                CyBle_StackTaskHandler

i.__ARM_common_switch8
                0x00001bec       0x1a
 i.__ARM_common_switch8
                0x00001bec       0x1a C:\Program Files\Cypress\PSoC Creator\3.1\PSoC Creator\psoc\content\cycomponentlibrary\CyComponentLibrary.cylib\BLE_v1_20\Library\gccCyBLEStack_BLE_SOC_PERIPHERAL.a(CyBleStackMgr_StackTaskHandler.o)
                0x00001bec                __ARM_common_switch8

i.hci_soft_transport_notify_data_received
                0x00001c08        0xc
 i.hci_soft_transport_notify_data_received
                0x00001c08        0xc C:\Program Files\Cypress\PSoC Creator\3.1\PSoC Creator\psoc\content\cycomponentlibrary\CyComponentLibrary.cylib\BLE_v1_20\Library\gccCyBLEStack_BLE_SOC_PERIPHERAL.a(transport_sf.o)
                0x00001c08                hci_soft_transport_notify_data_received

i.hci_soft_transport_rx_data
                0x00001c14       0x40
 i.hci_soft_transport_rx_data
                0x00001c14       0x40 C:\Program Files\Cypress\PSoC Creator\3.1\PSoC Creator\psoc\content\cycomponentlibrary\CyComponentLibrary.cylib\BLE_v1_20\Library\gccCyBLEStack_BLE_SOC_PERIPHERAL.a(transport_sf.o)
                0x00001c14                hci_soft_transport_rx_data

i.hci_transport_bt_init
                0x00001c54        0x2
 i.hci_transport_bt_init
                0x00001c54        0x2 C:\Program Files\Cypress\PSoC Creator\3.1\PSoC Creator\psoc\content\cycomponentlibrary\CyComponentLibrary.cylib\BLE_v1_20\Library\gccCyBLEStack_BLE_SOC_PERIPHERAL.a(transport_sf.o)
                0x00001c54                hci_transport_bt_init

i.hci_transport_init
                0x00001c58       0x10
 i.hci_transport_init
                0x00001c58       0x10 C:\Program Files\Cypress\PSoC Creator\3.1\PSoC Creator\psoc\content\cycomponentlibrary\CyComponentLibrary.cylib\BLE_v1_20\Library\gccCyBLEStack_BLE_SOC_PERIPHERAL.a(transport_sf.o)
                0x00001c58                hci_transport_init

i.hci_transport_write_data
                0x00001c68       0xd4
 i.hci_transport_write_data
                0x00001c68       0xd4 C:\Program Files\Cypress\PSoC Creator\3.1\PSoC Creator\psoc\content\cycomponentlibrary\CyComponentLibrary.cylib\BLE_v1_20\Library\gccCyBLEStack_BLE_SOC_PERIPHERAL.a(transport_sf.o)
                0x00001c68                hci_transport_write_data

i.pf_hci_soft_transport_write
                0x00001d3c       0x44
 i.pf_hci_soft_transport_write
                0x00001d3c       0x44 C:\Program Files\Cypress\PSoC Creator\3.1\PSoC Creator\psoc\content\cycomponentlibrary\CyComponentLibrary.cylib\BLE_v1_20\Library\gccCyBLEStack_BLE_SOC_PERIPHERAL.a(transport_sf.o)
                0x00001d3c                pf_hci_soft_transport_write

i.pf_soft_hci_transport_init
                0x00001d80        0xc
 i.pf_soft_hci_transport_init
                0x00001d80        0xc C:\Program Files\Cypress\PSoC Creator\3.1\PSoC Creator\psoc\content\cycomponentlibrary\CyComponentLibrary.cylib\BLE_v1_20\Library\gccCyBLEStack_BLE_SOC_PERIPHERAL.a(transport_sf.o)
                0x00001d80                pf_soft_hci_transport_init

i.CyBleStackMgr_GetTime
                0x00001d8c       0x14
 i.CyBleStackMgr_GetTime
                0x00001d8c       0x14 C:\Program Files\Cypress\PSoC Creator\3.1\PSoC Creator\psoc\content\cycomponentlibrary\CyComponentLibrary.cylib\BLE_v1_20\Library\gccCyBLEStack_BLE_SOC_PERIPHERAL.a(CyBleStackMgr_PSoCHal.o)
                0x00001d8c                CyBleStackMgr_GetTime

i.CyBleStackMgr_HalInit
                0x00001da0       0x24
 i.CyBleStackMgr_HalInit
                0x00001da0       0x24 C:\Program Files\Cypress\PSoC Creator\3.1\PSoC Creator\psoc\content\cycomponentlibrary\CyComponentLibrary.cylib\BLE_v1_20\Library\gccCyBLEStack_BLE_SOC_PERIPHERAL.a(CyBleStackMgr_PSoCHal.o)
                0x00001da0                CyBleStackMgr_HalInit

i.CyBleStackMgr_HalIntrEnable
                0x00001dc4        0x8
 i.CyBleStackMgr_HalIntrEnable
                0x00001dc4        0x8 C:\Program Files\Cypress\PSoC Creator\3.1\PSoC Creator\psoc\content\cycomponentlibrary\CyComponentLibrary.cylib\BLE_v1_20\Library\gccCyBLEStack_BLE_SOC_PERIPHERAL.a(CyBleStackMgr_PSoCHal.o)
                0x00001dc4                CyBleStackMgr_HalIntrEnable

i.CyBleStackMgr_HandleLinkLayerTick
                0x00001dcc       0x5c
 i.CyBleStackMgr_HandleLinkLayerTick
                0x00001dcc       0x5c C:\Program Files\Cypress\PSoC Creator\3.1\PSoC Creator\psoc\content\cycomponentlibrary\CyComponentLibrary.cylib\BLE_v1_20\Library\gccCyBLEStack_BLE_SOC_PERIPHERAL.a(CyBleStackMgr_PSoCHal.o)
                0x00001dcc                CyBleStackMgr_HandleLinkLayerTick

i.CyBleStackMgr_HciPortInit
                0x00001e28        0xc
 i.CyBleStackMgr_HciPortInit
                0x00001e28        0xc C:\Program Files\Cypress\PSoC Creator\3.1\PSoC Creator\psoc\content\cycomponentlibrary\CyComponentLibrary.cylib\BLE_v1_20\Library\gccCyBLEStack_BLE_SOC_PERIPHERAL.a(CyBleStackMgr_PSoCHal.o)
                0x00001e28                CyBleStackMgr_HciPortInit

i.CyBleStackMgr_HciPortReset
                0x00001e34        0x2
 i.CyBleStackMgr_HciPortReset
                0x00001e34        0x2 C:\Program Files\Cypress\PSoC Creator\3.1\PSoC Creator\psoc\content\cycomponentlibrary\CyComponentLibrary.cylib\BLE_v1_20\Library\gccCyBLEStack_BLE_SOC_PERIPHERAL.a(CyBleStackMgr_PSoCHal.o)
                0x00001e34                CyBleStackMgr_HciPortReset

i.CyBleStackMgr_HciPortWrite
                0x00001e36        0x8
 i.CyBleStackMgr_HciPortWrite
                0x00001e36        0x8 C:\Program Files\Cypress\PSoC Creator\3.1\PSoC Creator\psoc\content\cycomponentlibrary\CyComponentLibrary.cylib\BLE_v1_20\Library\gccCyBLEStack_BLE_SOC_PERIPHERAL.a(CyBleStackMgr_PSoCHal.o)
                0x00001e36                CyBleStackMgr_HciPortWrite

i.CyBleStackMgr_ResetLinkLayerTimerEntity
                0x00001e40       0x14
 i.CyBleStackMgr_ResetLinkLayerTimerEntity
                0x00001e40       0x14 C:\Program Files\Cypress\PSoC Creator\3.1\PSoC Creator\psoc\content\cycomponentlibrary\CyComponentLibrary.cylib\BLE_v1_20\Library\gccCyBLEStack_BLE_SOC_PERIPHERAL.a(CyBleStackMgr_PSoCHal.o)
                0x00001e40                CyBleStackMgr_ResetLinkLayerTimerEntity

i.CyBleStackMgr_TimerStart
                0x00001e54       0x2c
 i.CyBleStackMgr_TimerStart
                0x00001e54       0x2c C:\Program Files\Cypress\PSoC Creator\3.1\PSoC Creator\psoc\content\cycomponentlibrary\CyComponentLibrary.cylib\BLE_v1_20\Library\gccCyBLEStack_BLE_SOC_PERIPHERAL.a(CyBleStackMgr_PSoCHal.o)
                0x00001e54                CyBleStackMgr_TimerStart

i.CyBleStackMgr_TimerStop
                0x00001e80       0x18
 i.CyBleStackMgr_TimerStop
                0x00001e80       0x18 C:\Program Files\Cypress\PSoC Creator\3.1\PSoC Creator\psoc\content\cycomponentlibrary\CyComponentLibrary.cylib\BLE_v1_20\Library\gccCyBLEStack_BLE_SOC_PERIPHERAL.a(CyBleStackMgr_PSoCHal.o)
                0x00001e80                CyBleStackMgr_TimerStop

i.CyBleStackMgr_isTimerRunning
                0x00001e98       0x10
 i.CyBleStackMgr_isTimerRunning
                0x00001e98       0x10 C:\Program Files\Cypress\PSoC Creator\3.1\PSoC Creator\psoc\content\cycomponentlibrary\CyComponentLibrary.cylib\BLE_v1_20\Library\gccCyBLEStack_BLE_SOC_PERIPHERAL.a(CyBleStackMgr_PSoCHal.o)
                0x00001e98                CyBleStackMgr_isTimerRunning

i.CyBleAtlantisRadioInit
                0x00001ea8      0x1ac
 i.CyBleAtlantisRadioInit
                0x00001ea8      0x1ac C:\Program Files\Cypress\PSoC Creator\3.1\PSoC Creator\psoc\content\cycomponentlibrary\CyComponentLibrary.cylib\BLE_v1_20\Library\gccCyBLEStack_BLE_SOC_PERIPHERAL.a(CyBleStackMgr_BleSSDriver.o)

i.CyBleStackMgr_BleSSFifoRead
                0x00002054       0x38
 i.CyBleStackMgr_BleSSFifoRead
                0x00002054       0x38 C:\Program Files\Cypress\PSoC Creator\3.1\PSoC Creator\psoc\content\cycomponentlibrary\CyComponentLibrary.cylib\BLE_v1_20\Library\gccCyBLEStack_BLE_SOC_PERIPHERAL.a(CyBleStackMgr_BleSSDriver.o)
                0x00002054                CyBleStackMgr_BleSSFifoRead

i.CyBleStackMgr_BleSSFifoWrite
                0x0000208c       0x30
 i.CyBleStackMgr_BleSSFifoWrite
                0x0000208c       0x30 C:\Program Files\Cypress\PSoC Creator\3.1\PSoC Creator\psoc\content\cycomponentlibrary\CyComponentLibrary.cylib\BLE_v1_20\Library\gccCyBLEStack_BLE_SOC_PERIPHERAL.a(CyBleStackMgr_BleSSDriver.o)
                0x0000208c                CyBleStackMgr_BleSSFifoWrite

i.CyBleStackMgr_BleSSInit
                0x000020bc       0x50
 i.CyBleStackMgr_BleSSInit
                0x000020bc       0x50 C:\Program Files\Cypress\PSoC Creator\3.1\PSoC Creator\psoc\content\cycomponentlibrary\CyComponentLibrary.cylib\BLE_v1_20\Library\gccCyBLEStack_BLE_SOC_PERIPHERAL.a(CyBleStackMgr_BleSSDriver.o)
                0x000020bc                CyBleStackMgr_BleSSInit

i.CyBleStackMgr_BleSSMemRead
                0x0000210c       0x26
 i.CyBleStackMgr_BleSSMemRead
                0x0000210c       0x26 C:\Program Files\Cypress\PSoC Creator\3.1\PSoC Creator\psoc\content\cycomponentlibrary\CyComponentLibrary.cylib\BLE_v1_20\Library\gccCyBLEStack_BLE_SOC_PERIPHERAL.a(CyBleStackMgr_BleSSDriver.o)
                0x0000210c                CyBleStackMgr_BleSSMemRead

i.CyBleStackMgr_BleSSMemWrite
                0x00002134       0x34
 i.CyBleStackMgr_BleSSMemWrite
                0x00002134       0x34 C:\Program Files\Cypress\PSoC Creator\3.1\PSoC Creator\psoc\content\cycomponentlibrary\CyComponentLibrary.cylib\BLE_v1_20\Library\gccCyBLEStack_BLE_SOC_PERIPHERAL.a(CyBleStackMgr_BleSSDriver.o)
                0x00002134                CyBleStackMgr_BleSSMemWrite

i.CyBleStackMgr_BleSSRegRead
                0x00002168        0xc
 i.CyBleStackMgr_BleSSRegRead
                0x00002168        0xc C:\Program Files\Cypress\PSoC Creator\3.1\PSoC Creator\psoc\content\cycomponentlibrary\CyComponentLibrary.cylib\BLE_v1_20\Library\gccCyBLEStack_BLE_SOC_PERIPHERAL.a(CyBleStackMgr_BleSSDriver.o)
                0x00002168                CyBleStackMgr_BleSSRegRead

i.CyBleStackMgr_BleSSRegWrite
                0x00002174        0xc
 i.CyBleStackMgr_BleSSRegWrite
                0x00002174        0xc C:\Program Files\Cypress\PSoC Creator\3.1\PSoC Creator\psoc\content\cycomponentlibrary\CyComponentLibrary.cylib\BLE_v1_20\Library\gccCyBLEStack_BLE_SOC_PERIPHERAL.a(CyBleStackMgr_BleSSDriver.o)
                0x00002174                CyBleStackMgr_BleSSRegWrite

i.CyBleStackMgr_BleSSReset
                0x00002180       0x38
 i.CyBleStackMgr_BleSSReset
                0x00002180       0x38 C:\Program Files\Cypress\PSoC Creator\3.1\PSoC Creator\psoc\content\cycomponentlibrary\CyComponentLibrary.cylib\BLE_v1_20\Library\gccCyBLEStack_BLE_SOC_PERIPHERAL.a(CyBleStackMgr_BleSSDriver.o)
                0x00002180                CyBleStackMgr_BleSSReset

i.CyBleStackMgr_GenericIface
                0x000021b8       0x3c
 i.CyBleStackMgr_GenericIface
                0x000021b8       0x3c C:\Program Files\Cypress\PSoC Creator\3.1\PSoC Creator\psoc\content\cycomponentlibrary\CyComponentLibrary.cylib\BLE_v1_20\Library\gccCyBLEStack_BLE_SOC_PERIPHERAL.a(CyBleStackMgr_BleSSDriver.o)
                0x000021b8                CyBleStackMgr_GenericIface

i.CyBleStackMgr_HandleBleSSIntr
                0x000021f4       0x90
 i.CyBleStackMgr_HandleBleSSIntr
                0x000021f4       0x90 C:\Program Files\Cypress\PSoC Creator\3.1\PSoC Creator\psoc\content\cycomponentlibrary\CyComponentLibrary.cylib\BLE_v1_20\Library\gccCyBLEStack_BLE_SOC_PERIPHERAL.a(CyBleStackMgr_BleSSDriver.o)
                0x000021f4                CyBleStackMgr_HandleBleSSIntr

i.CyBleStackMgr_SetClockParam
                0x00002284       0xb4
 i.CyBleStackMgr_SetClockParam
                0x00002284       0xb4 C:\Program Files\Cypress\PSoC Creator\3.1\PSoC Creator\psoc\content\cycomponentlibrary\CyComponentLibrary.cylib\BLE_v1_20\Library\gccCyBLEStack_BLE_SOC_PERIPHERAL.a(CyBleStackMgr_BleSSDriver.o)

i.CyBle_ExitDsmMode
                0x00002338       0x2c
 i.CyBle_ExitDsmMode
                0x00002338       0x2c C:\Program Files\Cypress\PSoC Creator\3.1\PSoC Creator\psoc\content\cycomponentlibrary\CyComponentLibrary.cylib\BLE_v1_20\Library\gccCyBLEStack_BLE_SOC_PERIPHERAL.a(CyBleStackMgr_BleSSDriver.o)
                0x00002338                CyBle_ExitDsmMode

i.CyBle_GetBleSsOperationalMode
                0x00002364        0xc
 i.CyBle_GetBleSsOperationalMode
                0x00002364        0xc C:\Program Files\Cypress\PSoC Creator\3.1\PSoC Creator\psoc\content\cycomponentlibrary\CyComponentLibrary.cylib\BLE_v1_20\Library\gccCyBLEStack_BLE_SOC_PERIPHERAL.a(CyBleStackMgr_BleSSDriver.o)
                0x00002364                CyBle_GetBleSsOperationalMode

i.CyBle_GetLpMode
                0x00002370       0x26
 i.CyBle_GetLpMode
                0x00002370       0x26 C:\Program Files\Cypress\PSoC Creator\3.1\PSoC Creator\psoc\content\cycomponentlibrary\CyComponentLibrary.cylib\BLE_v1_20\Library\gccCyBLEStack_BLE_SOC_PERIPHERAL.a(CyBleStackMgr_BleSSDriver.o)
                0x00002370                CyBle_GetLpMode

i.CyBle_GetTxGainMode
                0x00002398       0x2c
 i.CyBle_GetTxGainMode
                0x00002398       0x2c C:\Program Files\Cypress\PSoC Creator\3.1\PSoC Creator\psoc\content\cycomponentlibrary\CyComponentLibrary.cylib\BLE_v1_20\Library\gccCyBLEStack_BLE_SOC_PERIPHERAL.a(CyBleStackMgr_BleSSDriver.o)
                0x00002398                CyBle_GetTxGainMode

i.CyBle_SetBleSsOperationalMode
                0x000023c4       0x20
 i.CyBle_SetBleSsOperationalMode
                0x000023c4       0x20 C:\Program Files\Cypress\PSoC Creator\3.1\PSoC Creator\psoc\content\cycomponentlibrary\CyComponentLibrary.cylib\BLE_v1_20\Library\gccCyBLEStack_BLE_SOC_PERIPHERAL.a(CyBleStackMgr_BleSSDriver.o)
                0x000023c4                CyBle_SetBleSsOperationalMode

i.CyBle_SetEventCloseState
                0x000023e4        0xc
 i.CyBle_SetEventCloseState
                0x000023e4        0xc C:\Program Files\Cypress\PSoC Creator\3.1\PSoC Creator\psoc\content\cycomponentlibrary\CyComponentLibrary.cylib\BLE_v1_20\Library\gccCyBLEStack_BLE_SOC_PERIPHERAL.a(CyBleStackMgr_BleSSDriver.o)
                0x000023e4                CyBle_SetEventCloseState

i.CyBle_SetRxGainMode
                0x000023f0       0x20
 i.CyBle_SetRxGainMode
                0x000023f0       0x20 C:\Program Files\Cypress\PSoC Creator\3.1\PSoC Creator\psoc\content\cycomponentlibrary\CyComponentLibrary.cylib\BLE_v1_20\Library\gccCyBLEStack_BLE_SOC_PERIPHERAL.a(CyBleStackMgr_BleSSDriver.o)
                0x000023f0                CyBle_SetRxGainMode

i.CyBle_SetTxGainMode
                0x00002410       0x38
 i.CyBle_SetTxGainMode
                0x00002410       0x38 C:\Program Files\Cypress\PSoC Creator\3.1\PSoC Creator\psoc\content\cycomponentlibrary\CyComponentLibrary.cylib\BLE_v1_20\Library\gccCyBLEStack_BLE_SOC_PERIPHERAL.a(CyBleStackMgr_BleSSDriver.o)
                0x00002410                CyBle_SetTxGainMode

i.pf_rf_get_abs_rssi
                0x00002448       0x24
 i.pf_rf_get_abs_rssi
                0x00002448       0x24 C:\Program Files\Cypress\PSoC Creator\3.1\PSoC Creator\psoc\content\cycomponentlibrary\CyComponentLibrary.cylib\BLE_v1_20\Library\gccCyBLEStack_BLE_SOC_PERIPHERAL.a(CyBleStackMgr_BleSSDriver.o)
                0x00002448                pf_rf_get_abs_rssi

i.OS_init       0x0000246c       0x64
 i.OS_init      0x0000246c       0x64 C:\Program Files\Cypress\PSoC Creator\3.1\PSoC Creator\psoc\content\cycomponentlibrary\CyComponentLibrary.cylib\BLE_v1_20\Library\gccCyBLEStack_BLE_SOC_PERIPHERAL.a(mint_os.o)
                0x0000246c                OS_init

i.mintos_malloc
                0x000024d0       0x34
 i.mintos_malloc
                0x000024d0       0x34 C:\Program Files\Cypress\PSoC Creator\3.1\PSoC Creator\psoc\content\cycomponentlibrary\CyComponentLibrary.cylib\BLE_v1_20\Library\gccCyBLEStack_BLE_SOC_PERIPHERAL.a(mint_os.o)
                0x000024d0                mintos_malloc

i.OS_create_queue
                0x00002504       0x64
 i.OS_create_queue
                0x00002504       0x64 C:\Program Files\Cypress\PSoC Creator\3.1\PSoC Creator\psoc\content\cycomponentlibrary\CyComponentLibrary.cylib\BLE_v1_20\Library\gccCyBLEStack_BLE_SOC_PERIPHERAL.a(mint_os_queue.o)
                0x00002504                OS_create_queue

i.OS_enqueue_item
                0x00002568       0x8c
 i.OS_enqueue_item
                0x00002568       0x8c C:\Program Files\Cypress\PSoC Creator\3.1\PSoC Creator\psoc\content\cycomponentlibrary\CyComponentLibrary.cylib\BLE_v1_20\Library\gccCyBLEStack_BLE_SOC_PERIPHERAL.a(mint_os_queue.o)
                0x00002568                OS_enqueue_item

i.OS_queue_get_num_of_items
                0x000025f4       0x28
 i.OS_queue_get_num_of_items
                0x000025f4       0x28 C:\Program Files\Cypress\PSoC Creator\3.1\PSoC Creator\psoc\content\cycomponentlibrary\CyComponentLibrary.cylib\BLE_v1_20\Library\gccCyBLEStack_BLE_SOC_PERIPHERAL.a(mint_os_queue.o)
                0x000025f4                OS_queue_get_num_of_items

i.OS_queue_mgmt_init
                0x0000261c       0x40
 i.OS_queue_mgmt_init
                0x0000261c       0x40 C:\Program Files\Cypress\PSoC Creator\3.1\PSoC Creator\psoc\content\cycomponentlibrary\CyComponentLibrary.cylib\BLE_v1_20\Library\gccCyBLEStack_BLE_SOC_PERIPHERAL.a(mint_os_queue.o)
                0x0000261c                OS_queue_mgmt_init

i.OS_remove_item
                0x0000265c       0xa0
 i.OS_remove_item
                0x0000265c       0xa0 C:\Program Files\Cypress\PSoC Creator\3.1\PSoC Creator\psoc\content\cycomponentlibrary\CyComponentLibrary.cylib\BLE_v1_20\Library\gccCyBLEStack_BLE_SOC_PERIPHERAL.a(mint_os_queue.o)
                0x0000265c                OS_remove_item

i.OS_create_task
                0x000026fc       0x88
 i.OS_create_task
                0x000026fc       0x88 C:\Program Files\Cypress\PSoC Creator\3.1\PSoC Creator\psoc\content\cycomponentlibrary\CyComponentLibrary.cylib\BLE_v1_20\Library\gccCyBLEStack_BLE_SOC_PERIPHERAL.a(mint_os_task.o)
                0x000026fc                OS_create_task

i.OS_isr_send_signal_to_task
                0x00002784        0xc
 i.OS_isr_send_signal_to_task
                0x00002784        0xc C:\Program Files\Cypress\PSoC Creator\3.1\PSoC Creator\psoc\content\cycomponentlibrary\CyComponentLibrary.cylib\BLE_v1_20\Library\gccCyBLEStack_BLE_SOC_PERIPHERAL.a(mint_os_task.o)
                0x00002784                OS_isr_send_signal_to_task

i.OS_scheduler  0x00002790       0x64
 i.OS_scheduler
                0x00002790       0x64 C:\Program Files\Cypress\PSoC Creator\3.1\PSoC Creator\psoc\content\cycomponentlibrary\CyComponentLibrary.cylib\BLE_v1_20\Library\gccCyBLEStack_BLE_SOC_PERIPHERAL.a(mint_os_task.o)
                0x00002790                OS_scheduler

i.OS_send_signal_to_task
                0x000027f4        0xc
 i.OS_send_signal_to_task
                0x000027f4        0xc C:\Program Files\Cypress\PSoC Creator\3.1\PSoC Creator\psoc\content\cycomponentlibrary\CyComponentLibrary.cylib\BLE_v1_20\Library\gccCyBLEStack_BLE_SOC_PERIPHERAL.a(mint_os_task.o)
                0x000027f4                OS_send_signal_to_task

i.OS_send_signal_to_task_context
                0x00002800       0x3c
 i.OS_send_signal_to_task_context
                0x00002800       0x3c C:\Program Files\Cypress\PSoC Creator\3.1\PSoC Creator\psoc\content\cycomponentlibrary\CyComponentLibrary.cylib\BLE_v1_20\Library\gccCyBLEStack_BLE_SOC_PERIPHERAL.a(mint_os_task.o)

i.OS_task_mgmt_init
                0x0000283c       0x50
 i.OS_task_mgmt_init
                0x0000283c       0x50 C:\Program Files\Cypress\PSoC Creator\3.1\PSoC Creator\psoc\content\cycomponentlibrary\CyComponentLibrary.cylib\BLE_v1_20\Library\gccCyBLEStack_BLE_SOC_PERIPHERAL.a(mint_os_task.o)
                0x0000283c                OS_task_mgmt_init

i.mint_buf_mgmt_allocate_buffer
                0x0000288c       0x4c
 i.mint_buf_mgmt_allocate_buffer
                0x0000288c       0x4c C:\Program Files\Cypress\PSoC Creator\3.1\PSoC Creator\psoc\content\cycomponentlibrary\CyComponentLibrary.cylib\BLE_v1_20\Library\gccCyBLEStack_BLE_SOC_PERIPHERAL.a(mint_buf_mgmt.o)
                0x0000288c                mint_buf_mgmt_allocate_buffer

i.mint_buf_mgmt_create_pool
                0x000028d8       0xd8
 i.mint_buf_mgmt_create_pool
                0x000028d8       0xd8 C:\Program Files\Cypress\PSoC Creator\3.1\PSoC Creator\psoc\content\cycomponentlibrary\CyComponentLibrary.cylib\BLE_v1_20\Library\gccCyBLEStack_BLE_SOC_PERIPHERAL.a(mint_buf_mgmt.o)
                0x000028d8                mint_buf_mgmt_create_pool

i.mint_buf_mgmt_free_buffer
                0x000029b0       0xa4
 i.mint_buf_mgmt_free_buffer
                0x000029b0       0xa4 C:\Program Files\Cypress\PSoC Creator\3.1\PSoC Creator\psoc\content\cycomponentlibrary\CyComponentLibrary.cylib\BLE_v1_20\Library\gccCyBLEStack_BLE_SOC_PERIPHERAL.a(mint_buf_mgmt.o)
                0x000029b0                mint_buf_mgmt_free_buffer

i.mint_buf_mgmt_get_free_heap
                0x00002a54       0x1c
 i.mint_buf_mgmt_get_free_heap
                0x00002a54       0x1c C:\Program Files\Cypress\PSoC Creator\3.1\PSoC Creator\psoc\content\cycomponentlibrary\CyComponentLibrary.cylib\BLE_v1_20\Library\gccCyBLEStack_BLE_SOC_PERIPHERAL.a(mint_buf_mgmt.o)
                0x00002a54                mint_buf_mgmt_get_free_heap

i.mint_buf_mgmt_init
                0x00002a70       0x44
 i.mint_buf_mgmt_init
                0x00002a70       0x44 C:\Program Files\Cypress\PSoC Creator\3.1\PSoC Creator\psoc\content\cycomponentlibrary\CyComponentLibrary.cylib\BLE_v1_20\Library\gccCyBLEStack_BLE_SOC_PERIPHERAL.a(mint_buf_mgmt.o)
                0x00002a70                mint_buf_mgmt_init

i.mint_buf_mgmt_malloc
                0x00002ab4       0x2c
 i.mint_buf_mgmt_malloc
                0x00002ab4       0x2c C:\Program Files\Cypress\PSoC Creator\3.1\PSoC Creator\psoc\content\cycomponentlibrary\CyComponentLibrary.cylib\BLE_v1_20\Library\gccCyBLEStack_BLE_SOC_PERIPHERAL.a(mint_buf_mgmt.o)
                0x00002ab4                mint_buf_mgmt_malloc

i.mint_buf_mgmt_reset_pool
                0x00002ae0       0x70
 i.mint_buf_mgmt_reset_pool
                0x00002ae0       0x70 C:\Program Files\Cypress\PSoC Creator\3.1\PSoC Creator\psoc\content\cycomponentlibrary\CyComponentLibrary.cylib\BLE_v1_20\Library\gccCyBLEStack_BLE_SOC_PERIPHERAL.a(mint_buf_mgmt.o)
                0x00002ae0                mint_buf_mgmt_reset_pool

i.mint_buf_mgmt_stack_init
                0x00002b50       0x24
 i.mint_buf_mgmt_stack_init
                0x00002b50       0x24 C:\Program Files\Cypress\PSoC Creator\3.1\PSoC Creator\psoc\content\cycomponentlibrary\CyComponentLibrary.cylib\BLE_v1_20\Library\gccCyBLEStack_BLE_SOC_PERIPHERAL.a(mint_buf_mgmt.o)
                0x00002b50                mint_buf_mgmt_stack_init

i.mint_buf_mgmt_stack_pop
                0x00002b74       0x36
 i.mint_buf_mgmt_stack_pop
                0x00002b74       0x36 C:\Program Files\Cypress\PSoC Creator\3.1\PSoC Creator\psoc\content\cycomponentlibrary\CyComponentLibrary.cylib\BLE_v1_20\Library\gccCyBLEStack_BLE_SOC_PERIPHERAL.a(mint_buf_mgmt.o)
                0x00002b74                mint_buf_mgmt_stack_pop

i.mint_buf_mgmt_stack_push
                0x00002baa       0x36
 i.mint_buf_mgmt_stack_push
                0x00002baa       0x36 C:\Program Files\Cypress\PSoC Creator\3.1\PSoC Creator\psoc\content\cycomponentlibrary\CyComponentLibrary.cylib\BLE_v1_20\Library\gccCyBLEStack_BLE_SOC_PERIPHERAL.a(mint_buf_mgmt.o)
                0x00002baa                mint_buf_mgmt_stack_push

i.mint_buf_mgmt_stack_reset
                0x00002be0       0x1e
 i.mint_buf_mgmt_stack_reset
                0x00002be0       0x1e C:\Program Files\Cypress\PSoC Creator\3.1\PSoC Creator\psoc\content\cycomponentlibrary\CyComponentLibrary.cylib\BLE_v1_20\Library\gccCyBLEStack_BLE_SOC_PERIPHERAL.a(mint_buf_mgmt.o)
                0x00002be0                mint_buf_mgmt_stack_reset

i.mint_buf_mgmt_stack_search_item
                0x00002bfe       0x30
 i.mint_buf_mgmt_stack_search_item
                0x00002bfe       0x30 C:\Program Files\Cypress\PSoC Creator\3.1\PSoC Creator\psoc\content\cycomponentlibrary\CyComponentLibrary.cylib\BLE_v1_20\Library\gccCyBLEStack_BLE_SOC_PERIPHERAL.a(mint_buf_mgmt.o)
                0x00002bfe                mint_buf_mgmt_stack_search_item

i.mint_buf_mgmt_pl_init
                0x00002c30       0x2c
 i.mint_buf_mgmt_pl_init
                0x00002c30       0x2c C:\Program Files\Cypress\PSoC Creator\3.1\PSoC Creator\psoc\content\cycomponentlibrary\CyComponentLibrary.cylib\BLE_v1_20\Library\gccCyBLEStack_BLE_SOC_PERIPHERAL.a(mint_buf_mgmt_pl.o)
                0x00002c30                mint_buf_mgmt_pl_init

i.CyBleControllerIP_GetPingState
                0x00002c5c        0xc
 i.CyBleControllerIP_GetPingState
                0x00002c5c        0xc C:\Program Files\Cypress\PSoC Creator\3.1\PSoC Creator\psoc\content\cycomponentlibrary\CyComponentLibrary.cylib\BLE_v1_20\Library\gccCyBLEStack_BLE_SOC_PERIPHERAL.a(CyBleControllerIP_Interface.o)
                0x00002c5c                CyBleControllerIP_GetPingState

i.CyBleController_AddDeviceToWhiteList
                0x00002c68       0x40
 i.CyBleController_AddDeviceToWhiteList
                0x00002c68       0x40 C:\Program Files\Cypress\PSoC Creator\3.1\PSoC Creator\psoc\content\cycomponentlibrary\CyComponentLibrary.cylib\BLE_v1_20\Library\gccCyBLEStack_BLE_SOC_PERIPHERAL.a(CyBleControllerIP_Interface.o)
                0x00002c68                CyBleController_AddDeviceToWhiteList

i.CyBleController_ExitLowPowerMode
                0x00002ca8       0x10
 i.CyBleController_ExitLowPowerMode
                0x00002ca8       0x10 C:\Program Files\Cypress\PSoC Creator\3.1\PSoC Creator\psoc\content\cycomponentlibrary\CyComponentLibrary.cylib\BLE_v1_20\Library\gccCyBLEStack_BLE_SOC_PERIPHERAL.a(CyBleControllerIP_Interface.o)
                0x00002ca8                CyBleController_ExitLowPowerMode

i.CyBleController_Init
                0x00002cb8       0x3c
 i.CyBleController_Init
                0x00002cb8       0x3c C:\Program Files\Cypress\PSoC Creator\3.1\PSoC Creator\psoc\content\cycomponentlibrary\CyComponentLibrary.cylib\BLE_v1_20\Library\gccCyBLEStack_BLE_SOC_PERIPHERAL.a(CyBleControllerIP_Interface.o)
                0x00002cb8                CyBleController_Init

i.CyBleController_SetDeviceAddress
                0x00002cf4       0x2e
 i.CyBleController_SetDeviceAddress
                0x00002cf4       0x2e C:\Program Files\Cypress\PSoC Creator\3.1\PSoC Creator\psoc\content\cycomponentlibrary\CyComponentLibrary.cylib\BLE_v1_20\Library\gccCyBLEStack_BLE_SOC_PERIPHERAL.a(CyBleControllerIP_Interface.o)
                0x00002cf4                CyBleController_SetDeviceAddress

i.CyBle_GetTxPowerLevel
                0x00002d22       0x4e
 i.CyBle_GetTxPowerLevel
                0x00002d22       0x4e C:\Program Files\Cypress\PSoC Creator\3.1\PSoC Creator\psoc\content\cycomponentlibrary\CyComponentLibrary.cylib\BLE_v1_20\Library\gccCyBLEStack_BLE_SOC_PERIPHERAL.a(CyBleControllerIP_Interface.o)
                0x00002d22                CyBle_GetTxPowerLevel

i.CyBle_SetTxPowerLevel
                0x00002d70       0x56
 i.CyBle_SetTxPowerLevel
                0x00002d70       0x56 C:\Program Files\Cypress\PSoC Creator\3.1\PSoC Creator\psoc\content\cycomponentlibrary\CyComponentLibrary.cylib\BLE_v1_20\Library\gccCyBLEStack_BLE_SOC_PERIPHERAL.a(CyBleControllerIP_Interface.o)
                0x00002d70                CyBle_SetTxPowerLevel

i.ll_check_and_mark_packet_ready_for_transmission
                0x00002dc8       0x28
 i.ll_check_and_mark_packet_ready_for_transmission
                0x00002dc8       0x28 C:\Program Files\Cypress\PSoC Creator\3.1\PSoC Creator\psoc\content\cycomponentlibrary\CyComponentLibrary.cylib\BLE_v1_20\Library\gccCyBLEStack_BLE_SOC_PERIPHERAL.a(ll.o)
                0x00002dc8                ll_check_and_mark_packet_ready_for_transmission

i.ll_cleanup_pending_data_pdu
                0x00002df0       0x38
 i.ll_cleanup_pending_data_pdu
                0x00002df0       0x38 C:\Program Files\Cypress\PSoC Creator\3.1\PSoC Creator\psoc\content\cycomponentlibrary\CyComponentLibrary.cylib\BLE_v1_20\Library\gccCyBLEStack_BLE_SOC_PERIPHERAL.a(ll.o)
                0x00002df0                ll_cleanup_pending_data_pdu

i.ll_exit_low_power_mode
                0x00002e28       0xac
 i.ll_exit_low_power_mode
                0x00002e28       0xac C:\Program Files\Cypress\PSoC Creator\3.1\PSoC Creator\psoc\content\cycomponentlibrary\CyComponentLibrary.cylib\BLE_v1_20\Library\gccCyBLEStack_BLE_SOC_PERIPHERAL.a(ll.o)
                0x00002e28                ll_exit_low_power_mode

i.ll_get_ack_status
                0x00002ed4       0x3c
 i.ll_get_ack_status
                0x00002ed4       0x3c C:\Program Files\Cypress\PSoC Creator\3.1\PSoC Creator\psoc\content\cycomponentlibrary\CyComponentLibrary.cylib\BLE_v1_20\Library\gccCyBLEStack_BLE_SOC_PERIPHERAL.a(ll.o)
                0x00002ed4                ll_get_ack_status

i.ll_get_adv_ch_tx_power
                0x00002f10       0x20
 i.ll_get_adv_ch_tx_power
                0x00002f10       0x20 C:\Program Files\Cypress\PSoC Creator\3.1\PSoC Creator\psoc\content\cycomponentlibrary\CyComponentLibrary.cylib\BLE_v1_20\Library\gccCyBLEStack_BLE_SOC_PERIPHERAL.a(ll.o)
                0x00002f10                ll_get_adv_ch_tx_power

i.ll_get_data_channel_map
                0x00002f30       0x24
 i.ll_get_data_channel_map
                0x00002f30       0x24 C:\Program Files\Cypress\PSoC Creator\3.1\PSoC Creator\psoc\content\cycomponentlibrary\CyComponentLibrary.cylib\BLE_v1_20\Library\gccCyBLEStack_BLE_SOC_PERIPHERAL.a(ll.o)
                0x00002f30                ll_get_data_channel_map

i.ll_get_max_white_list_size
                0x00002f54        0xc
 i.ll_get_max_white_list_size
                0x00002f54        0xc C:\Program Files\Cypress\PSoC Creator\3.1\PSoC Creator\psoc\content\cycomponentlibrary\CyComponentLibrary.cylib\BLE_v1_20\Library\gccCyBLEStack_BLE_SOC_PERIPHERAL.a(ll.o)
                0x00002f54                ll_get_max_white_list_size

i.ll_get_my_role
                0x00002f60        0xc
 i.ll_get_my_role
                0x00002f60        0xc C:\Program Files\Cypress\PSoC Creator\3.1\PSoC Creator\psoc\content\cycomponentlibrary\CyComponentLibrary.cylib\BLE_v1_20\Library\gccCyBLEStack_BLE_SOC_PERIPHERAL.a(ll.o)
                0x00002f60                ll_get_my_role

i.ll_get_next_available_fifo_for_data_pdu
                0x00002f6c        0x8
 i.ll_get_next_available_fifo_for_data_pdu
                0x00002f6c        0x8 C:\Program Files\Cypress\PSoC Creator\3.1\PSoC Creator\psoc\content\cycomponentlibrary\CyComponentLibrary.cylib\BLE_v1_20\Library\gccCyBLEStack_BLE_SOC_PERIPHERAL.a(ll.o)
                0x00002f6c                ll_get_next_available_fifo_for_data_pdu

i.ll_get_next_available_fifo_for_ll_pdu
                0x00002f74       0x24
 i.ll_get_next_available_fifo_for_ll_pdu
                0x00002f74       0x24 C:\Program Files\Cypress\PSoC Creator\3.1\PSoC Creator\psoc\content\cycomponentlibrary\CyComponentLibrary.cylib\BLE_v1_20\Library\gccCyBLEStack_BLE_SOC_PERIPHERAL.a(ll.o)
                0x00002f74                ll_get_next_available_fifo_for_ll_pdu

i.ll_get_rssi_value
                0x00002f98       0x26
 i.ll_get_rssi_value
                0x00002f98       0x26 C:\Program Files\Cypress\PSoC Creator\3.1\PSoC Creator\psoc\content\cycomponentlibrary\CyComponentLibrary.cylib\BLE_v1_20\Library\gccCyBLEStack_BLE_SOC_PERIPHERAL.a(ll.o)
                0x00002f98                ll_get_rssi_value

i.ll_get_transmit_power_level
                0x00002fc0       0x2c
 i.ll_get_transmit_power_level
                0x00002fc0       0x2c C:\Program Files\Cypress\PSoC Creator\3.1\PSoC Creator\psoc\content\cycomponentlibrary\CyComponentLibrary.cylib\BLE_v1_20\Library\gccCyBLEStack_BLE_SOC_PERIPHERAL.a(ll.o)
                0x00002fc0                ll_get_transmit_power_level

i.ll_handle_ack_received
                0x00002fec       0x74
 i.ll_handle_ack_received
                0x00002fec       0x74 C:\Program Files\Cypress\PSoC Creator\3.1\PSoC Creator\psoc\content\cycomponentlibrary\CyComponentLibrary.cylib\BLE_v1_20\Library\gccCyBLEStack_BLE_SOC_PERIPHERAL.a(ll.o)
                0x00002fec                ll_handle_ack_received

i.ll_handle_add_device_in_whitelist
                0x00003060       0x3a
 i.ll_handle_add_device_in_whitelist
                0x00003060       0x3a C:\Program Files\Cypress\PSoC Creator\3.1\PSoC Creator\psoc\content\cycomponentlibrary\CyComponentLibrary.cylib\BLE_v1_20\Library\gccCyBLEStack_BLE_SOC_PERIPHERAL.a(ll.o)
                0x00003060                ll_handle_add_device_in_whitelist

i.ll_handle_clear_whitelist
                0x0000309a       0x16
 i.ll_handle_clear_whitelist
                0x0000309a       0x16 C:\Program Files\Cypress\PSoC Creator\3.1\PSoC Creator\psoc\content\cycomponentlibrary\CyComponentLibrary.cylib\BLE_v1_20\Library\gccCyBLEStack_BLE_SOC_PERIPHERAL.a(ll.o)
                0x0000309a                ll_handle_clear_whitelist

i.ll_handle_encrypt_host_data
                0x000030b0       0x36
 i.ll_handle_encrypt_host_data
                0x000030b0       0x36 C:\Program Files\Cypress\PSoC Creator\3.1\PSoC Creator\psoc\content\cycomponentlibrary\CyComponentLibrary.cylib\BLE_v1_20\Library\gccCyBLEStack_BLE_SOC_PERIPHERAL.a(ll.o)
                0x000030b0                ll_handle_encrypt_host_data

i.ll_handle_host_data_packet
                0x000030e6       0x54
 i.ll_handle_host_data_packet
                0x000030e6       0x54 C:\Program Files\Cypress\PSoC Creator\3.1\PSoC Creator\psoc\content\cycomponentlibrary\CyComponentLibrary.cylib\BLE_v1_20\Library\gccCyBLEStack_BLE_SOC_PERIPHERAL.a(ll.o)
                0x000030e6                ll_handle_host_data_packet

i.ll_handle_read_host_channel_map
                0x0000313a        0x4
 i.ll_handle_read_host_channel_map
                0x0000313a        0x4 C:\Program Files\Cypress\PSoC Creator\3.1\PSoC Creator\psoc\content\cycomponentlibrary\CyComponentLibrary.cylib\BLE_v1_20\Library\gccCyBLEStack_BLE_SOC_PERIPHERAL.a(ll.o)
                0x0000313a                ll_handle_read_host_channel_map

i.ll_handle_remove_device_in_whitelist
                0x0000313e       0x2a
 i.ll_handle_remove_device_in_whitelist
                0x0000313e       0x2a C:\Program Files\Cypress\PSoC Creator\3.1\PSoC Creator\psoc\content\cycomponentlibrary\CyComponentLibrary.cylib\BLE_v1_20\Library\gccCyBLEStack_BLE_SOC_PERIPHERAL.a(ll.o)
                0x0000313e                ll_handle_remove_device_in_whitelist

i.ll_handle_reset
                0x00003168        0xe
 i.ll_handle_reset
                0x00003168        0xe C:\Program Files\Cypress\PSoC Creator\3.1\PSoC Creator\psoc\content\cycomponentlibrary\CyComponentLibrary.cylib\BLE_v1_20\Library\gccCyBLEStack_BLE_SOC_PERIPHERAL.a(ll.o)
                0x00003168                ll_handle_reset

i.ll_handle_set_random_address
                0x00003176       0x36
 i.ll_handle_set_random_address
                0x00003176       0x36 C:\Program Files\Cypress\PSoC Creator\3.1\PSoC Creator\psoc\content\cycomponentlibrary\CyComponentLibrary.cylib\BLE_v1_20\Library\gccCyBLEStack_BLE_SOC_PERIPHERAL.a(ll.o)
                0x00003176                ll_handle_set_random_address

i.ll_init       0x000031ac       0x18
 i.ll_init      0x000031ac       0x18 C:\Program Files\Cypress\PSoC Creator\3.1\PSoC Creator\psoc\content\cycomponentlibrary\CyComponentLibrary.cylib\BLE_v1_20\Library\gccCyBLEStack_BLE_SOC_PERIPHERAL.a(ll.o)
                0x000031ac                ll_init

i.ll_initialize_device_attributes
                0x000031c4       0x4c
 i.ll_initialize_device_attributes
                0x000031c4       0x4c C:\Program Files\Cypress\PSoC Creator\3.1\PSoC Creator\psoc\content\cycomponentlibrary\CyComponentLibrary.cylib\BLE_v1_20\Library\gccCyBLEStack_BLE_SOC_PERIPHERAL.a(ll.o)
                0x000031c4                ll_initialize_device_attributes

i.ll_is_pkt_pending
                0x00003210       0x2a
 i.ll_is_pkt_pending
                0x00003210       0x2a C:\Program Files\Cypress\PSoC Creator\3.1\PSoC Creator\psoc\content\cycomponentlibrary\CyComponentLibrary.cylib\BLE_v1_20\Library\gccCyBLEStack_BLE_SOC_PERIPHERAL.a(ll.o)
                0x00003210                ll_is_pkt_pending

i.ll_is_sent_pkt_pending
                0x0000323a       0x1a
 i.ll_is_sent_pkt_pending
                0x0000323a       0x1a C:\Program Files\Cypress\PSoC Creator\3.1\PSoC Creator\psoc\content\cycomponentlibrary\CyComponentLibrary.cylib\BLE_v1_20\Library\gccCyBLEStack_BLE_SOC_PERIPHERAL.a(ll.o)
                0x0000323a                ll_is_sent_pkt_pending

i.ll_isr_exit_low_power_mode
                0x00003254       0x16
 i.ll_isr_exit_low_power_mode
                0x00003254       0x16 C:\Program Files\Cypress\PSoC Creator\3.1\PSoC Creator\psoc\content\cycomponentlibrary\CyComponentLibrary.cylib\BLE_v1_20\Library\gccCyBLEStack_BLE_SOC_PERIPHERAL.a(ll.o)
                0x00003254                ll_isr_exit_low_power_mode

i.ll_load_host_data_packet
                0x0000326a       0x4a
 i.ll_load_host_data_packet
                0x0000326a       0x4a C:\Program Files\Cypress\PSoC Creator\3.1\PSoC Creator\psoc\content\cycomponentlibrary\CyComponentLibrary.cylib\BLE_v1_20\Library\gccCyBLEStack_BLE_SOC_PERIPHERAL.a(ll.o)
                0x0000326a                ll_load_host_data_packet

i.ll_load_packet_to_fifo
                0x000032b4       0x6e
 i.ll_load_packet_to_fifo
                0x000032b4       0x6e C:\Program Files\Cypress\PSoC Creator\3.1\PSoC Creator\psoc\content\cycomponentlibrary\CyComponentLibrary.cylib\BLE_v1_20\Library\gccCyBLEStack_BLE_SOC_PERIPHERAL.a(ll.o)
                0x000032b4                ll_load_packet_to_fifo

i.ll_process_acks
                0x00003322       0x3c
 i.ll_process_acks
                0x00003322       0x3c C:\Program Files\Cypress\PSoC Creator\3.1\PSoC Creator\psoc\content\cycomponentlibrary\CyComponentLibrary.cylib\BLE_v1_20\Library\gccCyBLEStack_BLE_SOC_PERIPHERAL.a(ll.o)
                0x00003322                ll_process_acks

i.ll_reset      0x0000335e       0x12
 i.ll_reset     0x0000335e       0x12 C:\Program Files\Cypress\PSoC Creator\3.1\PSoC Creator\psoc\content\cycomponentlibrary\CyComponentLibrary.cylib\BLE_v1_20\Library\gccCyBLEStack_BLE_SOC_PERIPHERAL.a(ll.o)
                0x0000335e                ll_reset

i.ll_update_active_features
                0x00003370       0x58
 i.ll_update_active_features
                0x00003370       0x58 C:\Program Files\Cypress\PSoC Creator\3.1\PSoC Creator\psoc\content\cycomponentlibrary\CyComponentLibrary.cylib\BLE_v1_20\Library\gccCyBLEStack_BLE_SOC_PERIPHERAL.a(ll.o)
                0x00003370                ll_update_active_features

i.ll_update_device_fsm
                0x000033c8        0x8
 i.ll_update_device_fsm
                0x000033c8        0x8 C:\Program Files\Cypress\PSoC Creator\3.1\PSoC Creator\psoc\content\cycomponentlibrary\CyComponentLibrary.cylib\BLE_v1_20\Library\gccCyBLEStack_BLE_SOC_PERIPHERAL.a(ll.o)
                0x000033c8                ll_update_device_fsm

i.pf_le_start_timer
                0x000033d0       0x16
 i.pf_le_start_timer
                0x000033d0       0x16 C:\Program Files\Cypress\PSoC Creator\3.1\PSoC Creator\psoc\content\cycomponentlibrary\CyComponentLibrary.cylib\BLE_v1_20\Library\gccCyBLEStack_BLE_SOC_PERIPHERAL.a(ll.o)
                0x000033d0                pf_le_start_timer

i.pf_le_stop_timer
                0x000033e6       0x12
 i.pf_le_stop_timer
                0x000033e6       0x12 C:\Program Files\Cypress\PSoC Creator\3.1\PSoC Creator\psoc\content\cycomponentlibrary\CyComponentLibrary.cylib\BLE_v1_20\Library\gccCyBLEStack_BLE_SOC_PERIPHERAL.a(ll.o)
                0x000033e6                pf_le_stop_timer

i.CyBleControllerIP_TuneAdvEventInterPktSlots
                0x000033f8       0x44
 i.CyBleControllerIP_TuneAdvEventInterPktSlots
                0x000033f8       0x44 C:\Program Files\Cypress\PSoC Creator\3.1\PSoC Creator\psoc\content\cycomponentlibrary\CyComponentLibrary.cylib\BLE_v1_20\Library\gccCyBLEStack_BLE_SOC_PERIPHERAL.a(ll_advertiser.o)
                0x000033f8                CyBleControllerIP_TuneAdvEventInterPktSlots

i.ll_adv_is_configured_connection_adv
                0x0000343c       0x1e
 i.ll_adv_is_configured_connection_adv
                0x0000343c       0x1e C:\Program Files\Cypress\PSoC Creator\3.1\PSoC Creator\psoc\content\cycomponentlibrary\CyComponentLibrary.cylib\BLE_v1_20\Library\gccCyBLEStack_BLE_SOC_PERIPHERAL.a(ll_advertiser.o)
                0x0000343c                ll_adv_is_configured_connection_adv

i.ll_check_random_address_in_use_by_advertiser
                0x0000345a       0x10
 i.ll_check_random_address_in_use_by_advertiser
                0x0000345a       0x10 C:\Program Files\Cypress\PSoC Creator\3.1\PSoC Creator\psoc\content\cycomponentlibrary\CyComponentLibrary.cylib\BLE_v1_20\Library\gccCyBLEStack_BLE_SOC_PERIPHERAL.a(ll_advertiser.o)
                0x0000345a                ll_check_random_address_in_use_by_advertiser

i.ll_check_whitelist_in_use_by_advertiser
                0x0000346a       0x10
 i.ll_check_whitelist_in_use_by_advertiser
                0x0000346a       0x10 C:\Program Files\Cypress\PSoC Creator\3.1\PSoC Creator\psoc\content\cycomponentlibrary\CyComponentLibrary.cylib\BLE_v1_20\Library\gccCyBLEStack_BLE_SOC_PERIPHERAL.a(ll_advertiser.o)
                0x0000346a                ll_check_whitelist_in_use_by_advertiser

i.ll_get_adv_status
                0x0000347a        0xc
 i.ll_get_adv_status
                0x0000347a        0xc C:\Program Files\Cypress\PSoC Creator\3.1\PSoC Creator\psoc\content\cycomponentlibrary\CyComponentLibrary.cylib\BLE_v1_20\Library\gccCyBLEStack_BLE_SOC_PERIPHERAL.a(ll_advertiser.o)
                0x0000347a                ll_get_adv_status

i.ll_get_adv_type
                0x00003486       0x16
 i.ll_get_adv_type
                0x00003486       0x16 C:\Program Files\Cypress\PSoC Creator\3.1\PSoC Creator\psoc\content\cycomponentlibrary\CyComponentLibrary.cylib\BLE_v1_20\Library\gccCyBLEStack_BLE_SOC_PERIPHERAL.a(ll_advertiser.o)
                0x00003486                ll_get_adv_type

i.ll_handle_adv_intr
                0x0000349c       0x50
 i.ll_handle_adv_intr
                0x0000349c       0x50 C:\Program Files\Cypress\PSoC Creator\3.1\PSoC Creator\psoc\content\cycomponentlibrary\CyComponentLibrary.cylib\BLE_v1_20\Library\gccCyBLEStack_BLE_SOC_PERIPHERAL.a(ll_advertiser.o)
                0x0000349c                ll_handle_adv_intr

i.ll_handle_set_adv_data
                0x000034ec       0x14
 i.ll_handle_set_adv_data
                0x000034ec       0x14 C:\Program Files\Cypress\PSoC Creator\3.1\PSoC Creator\psoc\content\cycomponentlibrary\CyComponentLibrary.cylib\BLE_v1_20\Library\gccCyBLEStack_BLE_SOC_PERIPHERAL.a(ll_advertiser.o)
                0x000034ec                ll_handle_set_adv_data

i.ll_handle_set_adv_parameters
                0x00003500       0x84
 i.ll_handle_set_adv_parameters
                0x00003500       0x84 C:\Program Files\Cypress\PSoC Creator\3.1\PSoC Creator\psoc\content\cycomponentlibrary\CyComponentLibrary.cylib\BLE_v1_20\Library\gccCyBLEStack_BLE_SOC_PERIPHERAL.a(ll_advertiser.o)
                0x00003500                ll_handle_set_adv_parameters

i.ll_handle_set_advertise_enable
                0x00003584       0x70
 i.ll_handle_set_advertise_enable
                0x00003584       0x70 C:\Program Files\Cypress\PSoC Creator\3.1\PSoC Creator\psoc\content\cycomponentlibrary\CyComponentLibrary.cylib\BLE_v1_20\Library\gccCyBLEStack_BLE_SOC_PERIPHERAL.a(ll_advertiser.o)
                0x00003584                ll_handle_set_advertise_enable

i.ll_handle_set_scan_resp_data
                0x000035f4       0x14
 i.ll_handle_set_scan_resp_data
                0x000035f4       0x14 C:\Program Files\Cypress\PSoC Creator\3.1\PSoC Creator\psoc\content\cycomponentlibrary\CyComponentLibrary.cylib\BLE_v1_20\Library\gccCyBLEStack_BLE_SOC_PERIPHERAL.a(ll_advertiser.o)
                0x000035f4                ll_handle_set_scan_resp_data

i.ll_init_advertiser
                0x00003608       0x68
 i.ll_init_advertiser
                0x00003608       0x68 C:\Program Files\Cypress\PSoC Creator\3.1\PSoC Creator\psoc\content\cycomponentlibrary\CyComponentLibrary.cylib\BLE_v1_20\Library\gccCyBLEStack_BLE_SOC_PERIPHERAL.a(ll_advertiser.o)
                0x00003608                ll_init_advertiser

i.is_le_connection_handle
                0x00003670       0x28
 i.is_le_connection_handle
                0x00003670       0x28 C:\Program Files\Cypress\PSoC Creator\3.1\PSoC Creator\psoc\content\cycomponentlibrary\CyComponentLibrary.cylib\BLE_v1_20\Library\gccCyBLEStack_BLE_SOC_PERIPHERAL.a(ll_connection.o)
                0x00003670                is_le_connection_handle

i.le_assign_connection_handle
                0x00003698       0x28
 i.le_assign_connection_handle
                0x00003698       0x28 C:\Program Files\Cypress\PSoC Creator\3.1\PSoC Creator\psoc\content\cycomponentlibrary\CyComponentLibrary.cylib\BLE_v1_20\Library\gccCyBLEStack_BLE_SOC_PERIPHERAL.a(ll_connection.o)
                0x00003698                le_assign_connection_handle

i.le_get_connection_index
                0x000036c0        0x6
 i.le_get_connection_index
                0x000036c0        0x6 C:\Program Files\Cypress\PSoC Creator\3.1\PSoC Creator\psoc\content\cycomponentlibrary\CyComponentLibrary.cylib\BLE_v1_20\Library\gccCyBLEStack_BLE_SOC_PERIPHERAL.a(ll_connection.o)
                0x000036c0                le_get_connection_index

i.ll_allocate_connection
                0x000036c8       0x44
 i.ll_allocate_connection
                0x000036c8       0x44 C:\Program Files\Cypress\PSoC Creator\3.1\PSoC Creator\psoc\content\cycomponentlibrary\CyComponentLibrary.cylib\BLE_v1_20\Library\gccCyBLEStack_BLE_SOC_PERIPHERAL.a(ll_connection.o)
                0x000036c8                ll_allocate_connection

i.ll_calculate_and_program_def_win_widen_drift
                0x0000370c       0x14
 i.ll_calculate_and_program_def_win_widen_drift
                0x0000370c       0x14 C:\Program Files\Cypress\PSoC Creator\3.1\PSoC Creator\psoc\content\cycomponentlibrary\CyComponentLibrary.cylib\BLE_v1_20\Library\gccCyBLEStack_BLE_SOC_PERIPHERAL.a(ll_connection.o)
                0x0000370c                ll_calculate_and_program_def_win_widen_drift

i.ll_calculate_drift
                0x00003720       0x2c
 i.ll_calculate_drift
                0x00003720       0x2c C:\Program Files\Cypress\PSoC Creator\3.1\PSoC Creator\psoc\content\cycomponentlibrary\CyComponentLibrary.cylib\BLE_v1_20\Library\gccCyBLEStack_BLE_SOC_PERIPHERAL.a(ll_connection.o)
                0x00003720                ll_calculate_drift

i.ll_check_and_decrypt_ll_pdu
                0x0000374c       0x68
 i.ll_check_and_decrypt_ll_pdu
                0x0000374c       0x68 C:\Program Files\Cypress\PSoC Creator\3.1\PSoC Creator\psoc\content\cycomponentlibrary\CyComponentLibrary.cylib\BLE_v1_20\Library\gccCyBLEStack_BLE_SOC_PERIPHERAL.a(ll_connection.o)
                0x0000374c                ll_check_and_decrypt_ll_pdu

i.ll_check_and_decrypt_packet
                0x000037b4       0x6a
 i.ll_check_and_decrypt_packet
                0x000037b4       0x6a C:\Program Files\Cypress\PSoC Creator\3.1\PSoC Creator\psoc\content\cycomponentlibrary\CyComponentLibrary.cylib\BLE_v1_20\Library\gccCyBLEStack_BLE_SOC_PERIPHERAL.a(ll_connection.o)
                0x000037b4                ll_check_and_decrypt_packet

i.ll_check_and_encrypt_ll_pdu
                0x0000381e       0x72
 i.ll_check_and_encrypt_ll_pdu
                0x0000381e       0x72 C:\Program Files\Cypress\PSoC Creator\3.1\PSoC Creator\psoc\content\cycomponentlibrary\CyComponentLibrary.cylib\BLE_v1_20\Library\gccCyBLEStack_BLE_SOC_PERIPHERAL.a(ll_connection.o)
                0x0000381e                ll_check_and_encrypt_ll_pdu

i.ll_check_and_encrypt_packet
                0x00003890       0x8a
 i.ll_check_and_encrypt_packet
                0x00003890       0x8a C:\Program Files\Cypress\PSoC Creator\3.1\PSoC Creator\psoc\content\cycomponentlibrary\CyComponentLibrary.cylib\BLE_v1_20\Library\gccCyBLEStack_BLE_SOC_PERIPHERAL.a(ll_connection.o)
                0x00003890                ll_check_and_encrypt_packet

i.ll_check_for_allowing_incoming_connection_update
                0x0000391a       0x42
 i.ll_check_for_allowing_incoming_connection_update
                0x0000391a       0x42 C:\Program Files\Cypress\PSoC Creator\3.1\PSoC Creator\psoc\content\cycomponentlibrary\CyComponentLibrary.cylib\BLE_v1_20\Library\gccCyBLEStack_BLE_SOC_PERIPHERAL.a(ll_connection.o)
                0x0000391a                ll_check_for_allowing_incoming_connection_update

i.ll_check_if_pdu_is_loaded_to_hardware
                0x0000395c       0x1c
 i.ll_check_if_pdu_is_loaded_to_hardware
                0x0000395c       0x1c C:\Program Files\Cypress\PSoC Creator\3.1\PSoC Creator\psoc\content\cycomponentlibrary\CyComponentLibrary.cylib\BLE_v1_20\Library\gccCyBLEStack_BLE_SOC_PERIPHERAL.a(ll_connection.o)
                0x0000395c                ll_check_if_pdu_is_loaded_to_hardware

i.ll_check_random_address_in_use_by_initiator
                0x00003978       0x30
 i.ll_check_random_address_in_use_by_initiator
                0x00003978       0x30 C:\Program Files\Cypress\PSoC Creator\3.1\PSoC Creator\psoc\content\cycomponentlibrary\CyComponentLibrary.cylib\BLE_v1_20\Library\gccCyBLEStack_BLE_SOC_PERIPHERAL.a(ll_connection.o)
                0x00003978                ll_check_random_address_in_use_by_initiator

i.ll_check_white_list_in_use_by_initiator
                0x000039a8       0x30
 i.ll_check_white_list_in_use_by_initiator
                0x000039a8       0x30 C:\Program Files\Cypress\PSoC Creator\3.1\PSoC Creator\psoc\content\cycomponentlibrary\CyComponentLibrary.cylib\BLE_v1_20\Library\gccCyBLEStack_BLE_SOC_PERIPHERAL.a(ll_connection.o)
                0x000039a8                ll_check_white_list_in_use_by_initiator

i.ll_conn_free_enc_txn_buffer
                0x000039d8       0x16
 i.ll_conn_free_enc_txn_buffer
                0x000039d8       0x16 C:\Program Files\Cypress\PSoC Creator\3.1\PSoC Creator\psoc\content\cycomponentlibrary\CyComponentLibrary.cylib\BLE_v1_20\Library\gccCyBLEStack_BLE_SOC_PERIPHERAL.a(ll_connection.o)
                0x000039d8                ll_conn_free_enc_txn_buffer

i.ll_conn_fsm_update_channel_state
                0x000039ee        0x6
 i.ll_conn_fsm_update_channel_state
                0x000039ee        0x6 C:\Program Files\Cypress\PSoC Creator\3.1\PSoC Creator\psoc\content\cycomponentlibrary\CyComponentLibrary.cylib\BLE_v1_20\Library\gccCyBLEStack_BLE_SOC_PERIPHERAL.a(ll_connection.o)
                0x000039ee                ll_conn_fsm_update_channel_state

i.ll_conn_fsm_update_conn_update_state
                0x000039f4        0x6
 i.ll_conn_fsm_update_conn_update_state
                0x000039f4        0x6 C:\Program Files\Cypress\PSoC Creator\3.1\PSoC Creator\psoc\content\cycomponentlibrary\CyComponentLibrary.cylib\BLE_v1_20\Library\gccCyBLEStack_BLE_SOC_PERIPHERAL.a(ll_connection.o)
                0x000039f4                ll_conn_fsm_update_conn_update_state

i.ll_conn_fsm_update_enc_state
                0x000039fa        0x6
 i.ll_conn_fsm_update_enc_state
                0x000039fa        0x6 C:\Program Files\Cypress\PSoC Creator\3.1\PSoC Creator\psoc\content\cycomponentlibrary\CyComponentLibrary.cylib\BLE_v1_20\Library\gccCyBLEStack_BLE_SOC_PERIPHERAL.a(ll_connection.o)
                0x000039fa                ll_conn_fsm_update_enc_state

i.ll_conn_fsm_update_state
                0x00003a00        0x4
 i.ll_conn_fsm_update_state
                0x00003a00        0x4 C:\Program Files\Cypress\PSoC Creator\3.1\PSoC Creator\psoc\content\cycomponentlibrary\CyComponentLibrary.cylib\BLE_v1_20\Library\gccCyBLEStack_BLE_SOC_PERIPHERAL.a(ll_connection.o)
                0x00003a00                ll_conn_fsm_update_state

i.ll_conn_handle_data_pdu_from_host_when_data_paused
                0x00003a04        0x8
 i.ll_conn_handle_data_pdu_from_host_when_data_paused
                0x00003a04        0x8 C:\Program Files\Cypress\PSoC Creator\3.1\PSoC Creator\psoc\content\cycomponentlibrary\CyComponentLibrary.cylib\BLE_v1_20\Library\gccCyBLEStack_BLE_SOC_PERIPHERAL.a(ll_connection.o)
                0x00003a04                ll_conn_handle_data_pdu_from_host_when_data_paused

i.ll_conn_handle_direct_adv_timeout
                0x00003a0c       0x2a
 i.ll_conn_handle_direct_adv_timeout
                0x00003a0c       0x2a C:\Program Files\Cypress\PSoC Creator\3.1\PSoC Creator\psoc\content\cycomponentlibrary\CyComponentLibrary.cylib\BLE_v1_20\Library\gccCyBLEStack_BLE_SOC_PERIPHERAL.a(ll_connection.o)
                0x00003a0c                ll_conn_handle_direct_adv_timeout

i.ll_conn_handle_ping_timer_expired_interrupt
                0x00003a38       0x1c
 i.ll_conn_handle_ping_timer_expired_interrupt
                0x00003a38       0x1c C:\Program Files\Cypress\PSoC Creator\3.1\PSoC Creator\psoc\content\cycomponentlibrary\CyComponentLibrary.cylib\BLE_v1_20\Library\gccCyBLEStack_BLE_SOC_PERIPHERAL.a(ll_connection.o)
                0x00003a38                ll_conn_handle_ping_timer_expired_interrupt

i.ll_conn_handle_ping_timer_nearly_expired_interrupt
                0x00003a54       0x20
 i.ll_conn_handle_ping_timer_nearly_expired_interrupt
                0x00003a54       0x20 C:\Program Files\Cypress\PSoC Creator\3.1\PSoC Creator\psoc\content\cycomponentlibrary\CyComponentLibrary.cylib\BLE_v1_20\Library\gccCyBLEStack_BLE_SOC_PERIPHERAL.a(ll_connection.o)
                0x00003a54                ll_conn_handle_ping_timer_nearly_expired_interrupt

i.ll_conn_handle_stop_connectable_adv
                0x00003a74       0x12
 i.ll_conn_handle_stop_connectable_adv
                0x00003a74       0x12 C:\Program Files\Cypress\PSoC Creator\3.1\PSoC Creator\psoc\content\cycomponentlibrary\CyComponentLibrary.cylib\BLE_v1_20\Library\gccCyBLEStack_BLE_SOC_PERIPHERAL.a(ll_connection.o)
                0x00003a74                ll_conn_handle_stop_connectable_adv

i.ll_conn_process_pending_transactions
                0x00003a86        0x4
 i.ll_conn_process_pending_transactions
                0x00003a86        0x4 C:\Program Files\Cypress\PSoC Creator\3.1\PSoC Creator\psoc\content\cycomponentlibrary\CyComponentLibrary.cylib\BLE_v1_20\Library\gccCyBLEStack_BLE_SOC_PERIPHERAL.a(ll_connection.o)
                0x00003a86                ll_conn_process_pending_transactions

i.ll_conn_program_authenticated_payload_timer
                0x00003a8c       0x50
 i.ll_conn_program_authenticated_payload_timer
                0x00003a8c       0x50 C:\Program Files\Cypress\PSoC Creator\3.1\PSoC Creator\psoc\content\cycomponentlibrary\CyComponentLibrary.cylib\BLE_v1_20\Library\gccCyBLEStack_BLE_SOC_PERIPHERAL.a(ll_connection.o)
                0x00003a8c                ll_conn_program_authenticated_payload_timer

i.ll_conn_read_data_pdu_from_hardware
                0x00003adc       0x14
 i.ll_conn_read_data_pdu_from_hardware
                0x00003adc       0x14 C:\Program Files\Cypress\PSoC Creator\3.1\PSoC Creator\psoc\content\cycomponentlibrary\CyComponentLibrary.cylib\BLE_v1_20\Library\gccCyBLEStack_BLE_SOC_PERIPHERAL.a(ll_connection.o)
                0x00003adc                ll_conn_read_data_pdu_from_hardware

i.ll_conn_send_ping_req_pdu
                0x00003af0       0x40
 i.ll_conn_send_ping_req_pdu
                0x00003af0       0x40 C:\Program Files\Cypress\PSoC Creator\3.1\PSoC Creator\psoc\content\cycomponentlibrary\CyComponentLibrary.cylib\BLE_v1_20\Library\gccCyBLEStack_BLE_SOC_PERIPHERAL.a(ll_connection.o)
                0x00003af0                ll_conn_send_ping_req_pdu

i.ll_conn_store_pending_tx_pdu
                0x00003b30       0x1a
 i.ll_conn_store_pending_tx_pdu
                0x00003b30       0x1a C:\Program Files\Cypress\PSoC Creator\3.1\PSoC Creator\psoc\content\cycomponentlibrary\CyComponentLibrary.cylib\BLE_v1_20\Library\gccCyBLEStack_BLE_SOC_PERIPHERAL.a(ll_connection.o)
                0x00003b30                ll_conn_store_pending_tx_pdu

i.ll_conn_update_rssi
                0x00003b4a       0x16
 i.ll_conn_update_rssi
                0x00003b4a       0x16 C:\Program Files\Cypress\PSoC Creator\3.1\PSoC Creator\psoc\content\cycomponentlibrary\CyComponentLibrary.cylib\BLE_v1_20\Library\gccCyBLEStack_BLE_SOC_PERIPHERAL.a(ll_connection.o)
                0x00003b4a                ll_conn_update_rssi

i.ll_convert_hci_llid_to_ll_llid_host_to_controller
                0x00003b60        0x8
 i.ll_convert_hci_llid_to_ll_llid_host_to_controller
                0x00003b60        0x8 C:\Program Files\Cypress\PSoC Creator\3.1\PSoC Creator\psoc\content\cycomponentlibrary\CyComponentLibrary.cylib\BLE_v1_20\Library\gccCyBLEStack_BLE_SOC_PERIPHERAL.a(ll_connection.o)
                0x00003b60                ll_convert_hci_llid_to_ll_llid_host_to_controller

i.ll_convert_ll_llid_to_hci_llid_controller_to_host
                0x00003b68        0x2
 i.ll_convert_ll_llid_to_hci_llid_controller_to_host
                0x00003b68        0x2 C:\Program Files\Cypress\PSoC Creator\3.1\PSoC Creator\psoc\content\cycomponentlibrary\CyComponentLibrary.cylib\BLE_v1_20\Library\gccCyBLEStack_BLE_SOC_PERIPHERAL.a(ll_connection.o)
                0x00003b68                ll_convert_ll_llid_to_hci_llid_controller_to_host

i.ll_decode_and_program_connect_req
                0x00003b6c       0xec
 i.ll_decode_and_program_connect_req
                0x00003b6c       0xec C:\Program Files\Cypress\PSoC Creator\3.1\PSoC Creator\psoc\content\cycomponentlibrary\CyComponentLibrary.cylib\BLE_v1_20\Library\gccCyBLEStack_BLE_SOC_PERIPHERAL.a(ll_connection.o)
                0x00003b6c                ll_decode_and_program_connect_req

i.ll_enc_fsm_derive_session_key
                0x00003c58       0x46
 i.ll_enc_fsm_derive_session_key
                0x00003c58       0x46 C:\Program Files\Cypress\PSoC Creator\3.1\PSoC Creator\psoc\content\cycomponentlibrary\CyComponentLibrary.cylib\BLE_v1_20\Library\gccCyBLEStack_BLE_SOC_PERIPHERAL.a(ll_connection.o)
                0x00003c58                ll_enc_fsm_derive_session_key

i.ll_enc_handle_enc_complete
                0x00003c9e       0x68
 i.ll_enc_handle_enc_complete
                0x00003c9e       0x68 C:\Program Files\Cypress\PSoC Creator\3.1\PSoC Creator\psoc\content\cycomponentlibrary\CyComponentLibrary.cylib\BLE_v1_20\Library\gccCyBLEStack_BLE_SOC_PERIPHERAL.a(ll_connection.o)
                0x00003c9e                ll_enc_handle_enc_complete

i.ll_enc_handle_enc_failure
                0x00003d08       0xa4
 i.ll_enc_handle_enc_failure
                0x00003d08       0xa4 C:\Program Files\Cypress\PSoC Creator\3.1\PSoC Creator\psoc\content\cycomponentlibrary\CyComponentLibrary.cylib\BLE_v1_20\Library\gccCyBLEStack_BLE_SOC_PERIPHERAL.a(ll_connection.o)
                0x00003d08                ll_enc_handle_enc_failure

i.ll_enc_handle_ll_reject_pdu_cb
                0x00003dac       0x24
 i.ll_enc_handle_ll_reject_pdu_cb
                0x00003dac       0x24 C:\Program Files\Cypress\PSoC Creator\3.1\PSoC Creator\psoc\content\cycomponentlibrary\CyComponentLibrary.cylib\BLE_v1_20\Library\gccCyBLEStack_BLE_SOC_PERIPHERAL.a(ll_connection.o)
                0x00003dac                ll_enc_handle_ll_reject_pdu_cb

i.ll_enc_handle_ll_terminate_pdu
                0x00003dd0       0x16
 i.ll_enc_handle_ll_terminate_pdu
                0x00003dd0       0x16 C:\Program Files\Cypress\PSoC Creator\3.1\PSoC Creator\psoc\content\cycomponentlibrary\CyComponentLibrary.cylib\BLE_v1_20\Library\gccCyBLEStack_BLE_SOC_PERIPHERAL.a(ll_connection.o)
                0x00003dd0                ll_enc_handle_ll_terminate_pdu

i.ll_enc_handle_ll_unknown_resp_pdu_cb
                0x00003de6       0x24
 i.ll_enc_handle_ll_unknown_resp_pdu_cb
                0x00003de6       0x24 C:\Program Files\Cypress\PSoC Creator\3.1\PSoC Creator\psoc\content\cycomponentlibrary\CyComponentLibrary.cylib\BLE_v1_20\Library\gccCyBLEStack_BLE_SOC_PERIPHERAL.a(ll_connection.o)
                0x00003de6                ll_enc_handle_ll_unknown_resp_pdu_cb

i.ll_enc_handle_slave_await_to_start_cb
                0x00003e0c       0x80
 i.ll_enc_handle_slave_await_to_start_cb
                0x00003e0c       0x80 C:\Program Files\Cypress\PSoC Creator\3.1\PSoC Creator\psoc\content\cycomponentlibrary\CyComponentLibrary.cylib\BLE_v1_20\Library\gccCyBLEStack_BLE_SOC_PERIPHERAL.a(ll_connection.o)
                0x00003e0c                ll_enc_handle_slave_await_to_start_cb

i.ll_enc_handle_slave_enc_resp_ack_cb
                0x00003e8c       0x28
 i.ll_enc_handle_slave_enc_resp_ack_cb
                0x00003e8c       0x28 C:\Program Files\Cypress\PSoC Creator\3.1\PSoC Creator\psoc\content\cycomponentlibrary\CyComponentLibrary.cylib\BLE_v1_20\Library\gccCyBLEStack_BLE_SOC_PERIPHERAL.a(ll_connection.o)
                0x00003e8c                ll_enc_handle_slave_enc_resp_ack_cb

i.ll_enc_handle_slave_ltk_neg_reply_cb
                0x00003eb4       0x60
 i.ll_enc_handle_slave_ltk_neg_reply_cb
                0x00003eb4       0x60 C:\Program Files\Cypress\PSoC Creator\3.1\PSoC Creator\psoc\content\cycomponentlibrary\CyComponentLibrary.cylib\BLE_v1_20\Library\gccCyBLEStack_BLE_SOC_PERIPHERAL.a(ll_connection.o)
                0x00003eb4                ll_enc_handle_slave_ltk_neg_reply_cb

i.ll_enc_handle_slave_pause_enc_req_cb
                0x00003f14       0x46
 i.ll_enc_handle_slave_pause_enc_req_cb
                0x00003f14       0x46 C:\Program Files\Cypress\PSoC Creator\3.1\PSoC Creator\psoc\content\cycomponentlibrary\CyComponentLibrary.cylib\BLE_v1_20\Library\gccCyBLEStack_BLE_SOC_PERIPHERAL.a(ll_connection.o)
                0x00003f14                ll_enc_handle_slave_pause_enc_req_cb

i.ll_enc_handle_slave_pause_enc_resp_cb
                0x00003f5a       0x10
 i.ll_enc_handle_slave_pause_enc_resp_cb
                0x00003f5a       0x10 C:\Program Files\Cypress\PSoC Creator\3.1\PSoC Creator\psoc\content\cycomponentlibrary\CyComponentLibrary.cylib\BLE_v1_20\Library\gccCyBLEStack_BLE_SOC_PERIPHERAL.a(ll_connection.o)
                0x00003f5a                ll_enc_handle_slave_pause_enc_resp_cb

i.ll_enc_handle_slave_reject_ind_ack_cb
                0x00003f6a       0x22
 i.ll_enc_handle_slave_reject_ind_ack_cb
                0x00003f6a       0x22 C:\Program Files\Cypress\PSoC Creator\3.1\PSoC Creator\psoc\content\cycomponentlibrary\CyComponentLibrary.cylib\BLE_v1_20\Library\gccCyBLEStack_BLE_SOC_PERIPHERAL.a(ll_connection.o)
                0x00003f6a                ll_enc_handle_slave_reject_ind_ack_cb

i.ll_enc_handle_slave_start_enc_resp_ack_cb
                0x00003f8c        0x8
 i.ll_enc_handle_slave_start_enc_resp_ack_cb
                0x00003f8c        0x8 C:\Program Files\Cypress\PSoC Creator\3.1\PSoC Creator\psoc\content\cycomponentlibrary\CyComponentLibrary.cylib\BLE_v1_20\Library\gccCyBLEStack_BLE_SOC_PERIPHERAL.a(ll_connection.o)
                0x00003f8c                ll_enc_handle_slave_start_enc_resp_ack_cb

i.ll_enc_handle_slave_start_enc_resp_cb
                0x00003f94       0x34
 i.ll_enc_handle_slave_start_enc_resp_cb
                0x00003f94       0x34 C:\Program Files\Cypress\PSoC Creator\3.1\PSoC Creator\psoc\content\cycomponentlibrary\CyComponentLibrary.cylib\BLE_v1_20\Library\gccCyBLEStack_BLE_SOC_PERIPHERAL.a(ll_connection.o)
                0x00003f94                ll_enc_handle_slave_start_enc_resp_cb

i.ll_enc_send_start_encryption_request
                0x00003fc8       0x38
 i.ll_enc_send_start_encryption_request
                0x00003fc8       0x38 C:\Program Files\Cypress\PSoC Creator\3.1\PSoC Creator\psoc\content\cycomponentlibrary\CyComponentLibrary.cylib\BLE_v1_20\Library\gccCyBLEStack_BLE_SOC_PERIPHERAL.a(ll_connection.o)
                0x00003fc8                ll_enc_send_start_encryption_request

i.ll_extract_pdu_opcode
                0x00004000        0x4
 i.ll_extract_pdu_opcode
                0x00004000        0x4 C:\Program Files\Cypress\PSoC Creator\3.1\PSoC Creator\psoc\content\cycomponentlibrary\CyComponentLibrary.cylib\BLE_v1_20\Library\gccCyBLEStack_BLE_SOC_PERIPHERAL.a(ll_connection.o)
                0x00004000                ll_extract_pdu_opcode

i.ll_fsm_handle_conn_established_ind
                0x00004004       0x7c
 i.ll_fsm_handle_conn_established_ind
                0x00004004       0x7c C:\Program Files\Cypress\PSoC Creator\3.1\PSoC Creator\psoc\content\cycomponentlibrary\CyComponentLibrary.cylib\BLE_v1_20\Library\gccCyBLEStack_BLE_SOC_PERIPHERAL.a(ll_connection.o)
                0x00004004                ll_fsm_handle_conn_established_ind

i.ll_fsm_handle_conn_failure_ind
                0x00004080        0xc
 i.ll_fsm_handle_conn_failure_ind
                0x00004080        0xc C:\Program Files\Cypress\PSoC Creator\3.1\PSoC Creator\psoc\content\cycomponentlibrary\CyComponentLibrary.cylib\BLE_v1_20\Library\gccCyBLEStack_BLE_SOC_PERIPHERAL.a(ll_connection.o)
                0x00004080                ll_fsm_handle_conn_failure_ind

i.ll_fsm_handle_disconnecting_state
                0x0000408c       0x16
 i.ll_fsm_handle_disconnecting_state
                0x0000408c       0x16 C:\Program Files\Cypress\PSoC Creator\3.1\PSoC Creator\psoc\content\cycomponentlibrary\CyComponentLibrary.cylib\BLE_v1_20\Library\gccCyBLEStack_BLE_SOC_PERIPHERAL.a(ll_connection.o)
                0x0000408c                ll_fsm_handle_disconnecting_state

i.ll_fsm_handle_end_of_conn_interval
                0x000040a4       0x30
 i.ll_fsm_handle_end_of_conn_interval
                0x000040a4       0x30 C:\Program Files\Cypress\PSoC Creator\3.1\PSoC Creator\psoc\content\cycomponentlibrary\CyComponentLibrary.cylib\BLE_v1_20\Library\gccCyBLEStack_BLE_SOC_PERIPHERAL.a(ll_connection.o)
                0x000040a4                ll_fsm_handle_end_of_conn_interval

i.ll_fsm_handle_pdu_response_timeout
                0x000040d4       0x20
 i.ll_fsm_handle_pdu_response_timeout
                0x000040d4       0x20 C:\Program Files\Cypress\PSoC Creator\3.1\PSoC Creator\psoc\content\cycomponentlibrary\CyComponentLibrary.cylib\BLE_v1_20\Library\gccCyBLEStack_BLE_SOC_PERIPHERAL.a(ll_connection.o)